Archive member included because of file (symbol)

c:/devkitpro/devkitarm/bin/../lib/gcc/arm-eabi/4.1.1/../../../../arm-eabi/lib/thumb\libstdc++.a(del_op.o)
                              DiskMgr.o (operator delete(void*))
c:/devkitpro/devkitarm/bin/../lib/gcc/arm-eabi/4.1.1/../../../../arm-eabi/lib/thumb\libstdc++.a(eh_personality.o)
                              c:/devkitpro/devkitarm/bin/../lib/gcc/arm-eabi/4.1.1/../../../../arm-eabi/lib/thumb\libstdc++.a(del_op.o) (__gxx_personality_v0)
c:/devkitpro/devkitarm/bin/../lib/gcc/arm-eabi/4.1.1/../../../../arm-eabi/lib/thumb\libstdc++.a(eh_terminate.o)
                              c:/devkitpro/devkitarm/bin/../lib/gcc/arm-eabi/4.1.1/../../../../arm-eabi/lib/thumb\libstdc++.a(eh_personality.o) (std::terminate())
c:/devkitpro/devkitarm/bin/../lib/gcc/arm-eabi/4.1.1/../../../../arm-eabi/lib/thumb\libstdc++.a(eh_term_handler.o)
                              c:/devkitpro/devkitarm/bin/../lib/gcc/arm-eabi/4.1.1/../../../../arm-eabi/lib/thumb\libstdc++.a(eh_terminate.o) (__cxxabiv1::__terminate_handler)
c:/devkitpro/devkitarm/bin/../lib/gcc/arm-eabi/4.1.1/../../../../arm-eabi/lib/thumb\libstdc++.a(eh_unex_handler.o)
                              c:/devkitpro/devkitarm/bin/../lib/gcc/arm-eabi/4.1.1/../../../../arm-eabi/lib/thumb\libstdc++.a(eh_terminate.o) (__cxxabiv1::__unexpected_handler)
c:/devkitpro/devkitarm/bin/../lib/gcc/arm-eabi/4.1.1/../../../../arm-eabi/lib/thumb\libstdc++.a(new_op.o)
                              Interpreter.o (operator new(unsigned int))
c:/devkitpro/devkitarm/bin/../lib/gcc/arm-eabi/4.1.1/../../../../arm-eabi/lib/thumb\libstdc++.a(vterminate.o)
                              c:/devkitpro/devkitarm/bin/../lib/gcc/arm-eabi/4.1.1/../../../../arm-eabi/lib/thumb\libstdc++.a(eh_term_handler.o) (__gnu_cxx::__verbose_terminate_handler())
c:/devkitpro/devkitarm/bin/../lib/gcc/arm-eabi/4.1.1/../../../../arm-eabi/lib/thumb\libstdc++.a(cp-demangle.o)
                              c:/devkitpro/devkitarm/bin/../lib/gcc/arm-eabi/4.1.1/../../../../arm-eabi/lib/thumb\libstdc++.a(vterminate.o) (__cxa_demangle)
c:/devkitpro/devkitarm/bin/../lib/gcc/arm-eabi/4.1.1/../../../../arm-eabi/lib/thumb\libstdc++.a(eh_alloc.o)
                              c:/devkitpro/devkitarm/bin/../lib/gcc/arm-eabi/4.1.1/../../../../arm-eabi/lib/thumb\libstdc++.a(new_op.o) (__cxa_allocate_exception)
c:/devkitpro/devkitarm/bin/../lib/gcc/arm-eabi/4.1.1/../../../../arm-eabi/lib/thumb\libstdc++.a(eh_arm.o)
                              c:/devkitpro/devkitarm/bin/../lib/gcc/arm-eabi/4.1.1/../../../../arm-eabi/lib/thumb\libstdc++.a(eh_personality.o) (__cxa_end_cleanup)
c:/devkitpro/devkitarm/bin/../lib/gcc/arm-eabi/4.1.1/../../../../arm-eabi/lib/thumb\libstdc++.a(eh_aux_runtime.o)
                              c:/devkitpro/devkitarm/bin/../lib/gcc/arm-eabi/4.1.1/../../../../arm-eabi/lib/thumb\libstdc++.a(eh_arm.o) (__cxa_bad_typeid)
c:/devkitpro/devkitarm/bin/../lib/gcc/arm-eabi/4.1.1/../../../../arm-eabi/lib/thumb\libstdc++.a(eh_call.o)
                              c:/devkitpro/devkitarm/bin/../lib/gcc/arm-eabi/4.1.1/../../../../arm-eabi/lib/thumb\libstdc++.a(new_op.o) (__cxa_call_unexpected)
c:/devkitpro/devkitarm/bin/../lib/gcc/arm-eabi/4.1.1/../../../../arm-eabi/lib/thumb\libstdc++.a(eh_catch.o)
                              c:/devkitpro/devkitarm/bin/../lib/gcc/arm-eabi/4.1.1/../../../../arm-eabi/lib/thumb\libstdc++.a(eh_personality.o) (__cxa_end_catch)
c:/devkitpro/devkitarm/bin/../lib/gcc/arm-eabi/4.1.1/../../../../arm-eabi/lib/thumb\libstdc++.a(eh_exception.o)
                              c:/devkitpro/devkitarm/bin/../lib/gcc/arm-eabi/4.1.1/../../../../arm-eabi/lib/thumb\libstdc++.a(eh_call.o) (vtable for std::bad_exception)
c:/devkitpro/devkitarm/bin/../lib/gcc/arm-eabi/4.1.1/../../../../arm-eabi/lib/thumb\libstdc++.a(eh_globals.o)
                              c:/devkitpro/devkitarm/bin/../lib/gcc/arm-eabi/4.1.1/../../../../arm-eabi/lib/thumb\libstdc++.a(eh_call.o) (__cxa_get_globals_fast)
c:/devkitpro/devkitarm/bin/../lib/gcc/arm-eabi/4.1.1/../../../../arm-eabi/lib/thumb\libstdc++.a(eh_throw.o)
                              c:/devkitpro/devkitarm/bin/../lib/gcc/arm-eabi/4.1.1/../../../../arm-eabi/lib/thumb\libstdc++.a(vterminate.o) (__cxa_rethrow)
c:/devkitpro/devkitarm/bin/../lib/gcc/arm-eabi/4.1.1/../../../../arm-eabi/lib/thumb\libstdc++.a(eh_type.o)
                              c:/devkitpro/devkitarm/bin/../lib/gcc/arm-eabi/4.1.1/../../../../arm-eabi/lib/thumb\libstdc++.a(vterminate.o) (__cxa_current_exception_type)
c:/devkitpro/devkitarm/bin/../lib/gcc/arm-eabi/4.1.1/../../../../arm-eabi/lib/thumb\libstdc++.a(new_handler.o)
                              c:/devkitpro/devkitarm/bin/../lib/gcc/arm-eabi/4.1.1/../../../../arm-eabi/lib/thumb\libstdc++.a(new_op.o) (__new_handler)
c:/devkitpro/devkitarm/bin/../lib/gcc/arm-eabi/4.1.1/../../../../arm-eabi/lib/thumb\libstdc++.a(tinfo.o)
[...]
Memory Configuration

Name             Origin             Length             Attributes
rom              0x08000000         0x02000000
ewram            0x02000000         0x003ff000
dtcm             0x0b000000         0x00004000
itcm             0x01000000         0x00008000
*default*        0x00000000         0xffffffff

Linker script and memory map

                0x01000000                __itcm_start = 0x1000000
                0x023ff000                __ewram_end = 0x23ff000
                0x023ff000                __eheap_end = 0x23ff000
                0x0b000000                __dtcm_start = 0xb000000
                0x0b004000                __dtcm_top = 0xb004000
                0x0b003ff8                __irq_flags = (__dtcm_top - 0x8)
                0x0b003ffc                __irq_vector = (__dtcm_top - 0x4)
                0x0b003f00                __sp_svc = (__dtcm_top - 0x100)
                0x0b003e00                __sp_irq = (__sp_svc - 0x100)
                0x0b003d00                __sp_usr = (__sp_irq - 0x100)

.init           0x02000000      0x22c
                0x02000000                __text_start = .
 *(.init)
 .init          0x02000000      0x220 c:/devkitpro/devkitarm/bin/../lib/gcc/arm-eabi/4.1.1/../../../../arm-eabi/lib/thumb/ds_arm9_crt0.o
                0x02000000                _start
 .init          0x02000220        0x4 c:/devkitpro/devkitarm/bin/../lib/gcc/arm-eabi/4.1.1/thumb/crti.o
                0x02000220                _init
 .init          0x02000224        0x8 c:/devkitpro/devkitarm/bin/../lib/gcc/arm-eabi/4.1.1/thumb/crtn.o
                0x0200022c                . = ALIGN (0x4)

.plt
 *(.plt)

.text           0x02000230     0x8610
 *(EXCLUDE_FILE(*.itcm*) .text)
 .text          0x02000230        0x0 c:/devkitpro/devkitarm/bin/../lib/gcc/arm-eabi/4.1.1/../../../../arm-eabi/lib/thumb/ds_arm9_crt0.o
 .text          0x02000230        0x0 c:/devkitpro/devkitarm/bin/../lib/gcc/arm-eabi/4.1.1/thumb/crti.o
 .text          0x02000230       0x70 c:/devkitpro/devkitarm/bin/../lib/gcc/arm-eabi/4.1.1/thumb/crtbegin.o
 .text          0x020002a0        0x0 DiskData.o
 .text          0x020002a0       0x70 DiskMgr.o
                0x020002fc                DiskMgr::DiskMgr(Interpreter*)
                0x020002c0                DiskMgr::processCommand(int*, int*, unsigned char*)
                0x020002b4                DiskMgr::loadCluster(long)
                0x020002a0                DiskMgr::DiskMgr(Interpreter*)
                0x020002bc                DiskMgr::stick(void*)
 .text          0x02000310      0x20c Interpreter.o
                0x02000310                Interpreter::run()
                0x02000434                Interpreter::Interpreter()
                0x020004a8                Interpreter::Interpreter()
 .text          0x0200051c        0x4 Mgr.o
                0x0200051c                Mgr::processCommand(int*, int*, unsigned char*)
 .text          0x02000520       0xcc PadMgr.o
                0x02000598                PadMgr::processCommand(int*, int*, unsigned char*)
                0x020005e0                PadMgr::PadMgr(Interpreter*)
                0x0200052c                PadMgr::getPadValues(unsigned long*, unsigned long*)
                0x02000520                PadMgr::PadMgr(Interpreter*)
 .text          0x020005ec      0x440 TileMgr.o
                0x02000770                TileMgr::tileText(int, int, unsigned char*)
                0x020006e8                TileMgr::setTile(int, int, unsigned short)
                0x020005ec                TileMgr::TileMgr(Interpreter*)
                0x020009ac                TileMgr::TileMgr(Interpreter*)
                0x0200066c                TileMgr::convertTileData(unsigned char, unsigned short*, unsigned short*)
                0x02000710                TileMgr::tileBlock(int, int, int, int, unsigned short)
                0x02000690                TileMgr::setTileData(int, int, unsigned char*)
                0x020007a8                TileMgr::processCommand(int*, int*, unsigned char*)
                0x020006fc                TileMgr::getTile(int, int)
 .text          0x02000a2c      0x220 VariableMgr.o
                0x02000a70                VariableMgr::processCommand(int*, int*, unsigned char*)
                0x02000a2c                VariableMgr::setVariable(int, bool, unsigned long)
                0x02000bec                VariableMgr::VariableMgr(Interpreter*)
                0x02000a50                VariableMgr::getVariable(int, bool)
                0x02000c1c                VariableMgr::VariableMgr(Interpreter*)
 .text          0x02000c4c       0x14 main.o
                0x02000c4c                main
 .text          0x02000c60       0x14 c:/devkitpro/devkitarm/bin/../lib/gcc/arm-eabi/4.1.1/../../../../arm-eabi/lib/thumb\libstdc++.a(del_op.o)
                0x02000c60                operator delete(void*)
 .text          0x02000c74      0x58c c:/devkitpro/devkitarm/bin/../lib/gcc/arm-eabi/4.1.1/../../../../arm-eabi/lib/thumb\libstdc++.a(eh_personality.o)
                0x02000e68                __gxx_personality_v0
 .text          0x02001200       0x70 c:/devkitpro/devkitarm/bin/../lib/gcc/arm-eabi/4.1.1/../../../../arm-eabi/lib/thumb\libstdc++.a(eh_terminate.o)
                0x0200125c                std::unexpected()
                0x02001210                std::set_unexpected(void (*)())
                0x02001200                std::set_terminate(void (*)())
                0x02001240                std::terminate()
                0x02001250                __cxxabiv1::__unexpected(void (*)())
                0x02001220                __cxxabiv1::__terminate(void (*)())
 .text          0x02001270        0x0 c:/devkitpro/devkitarm/bin/../lib/gcc/arm-eabi/4.1.1/../../../../arm-eabi/lib/thumb\libstdc++.a(eh_term_handler.o)
 .text          0x02001270        0x0 c:/devkitpro/devkitarm/bin/../lib/gcc/arm-eabi/4.1.1/../../../../arm-eabi/lib/thumb\libstdc++.a(eh_unex_handler.o)
 .text          0x02001270       0x70 c:/devkitpro/devkitarm/bin/../lib/gcc/arm-eabi/4.1.1/../../../../arm-eabi/lib/thumb\libstdc++.a(new_op.o)
                0x02001270                operator new(unsigned int)
 .text          0x020012e0      0x110 c:/devkitpro/devkitarm/bin/../lib/gcc/arm-eabi/4.1.1/../../../../arm-eabi/lib/thumb\libstdc++.a(vterminate.o)
                0x020012e0                __gnu_cxx::__verbose_terminate_handler()
 .text          0x020013f0     0x2c5c c:/devkitpro/devkitarm/bin/../lib/gcc/arm-eabi/4.1.1/../../../../arm-eabi/lib/thumb\libstdc++.a(cp-demangle.o)
                0x02003fc0                __cxa_demangle
 .text          0x0200404c       0xbc c:/devkitpro/devkitarm/bin/../lib/gcc/arm-eabi/4.1.1/../../../../arm-eabi/lib/thumb\libstdc++.a(eh_alloc.o)
                0x0200404c                __cxa_free_exception
                0x0200408c                __cxa_allocate_exception
 .text          0x02004108      0x1a8 c:/devkitpro/devkitarm/bin/../lib/gcc/arm-eabi/4.1.1/../../../../arm-eabi/lib/thumb\libstdc++.a(eh_arm.o)
                0x02004108                __cxa_end_cleanup
                0x02004114                __cxa_begin_cleanup
                0x02004248                __gnu_end_cleanup
                0x02004184                __cxa_type_match
 .text          0x020042b0       0x48 c:/devkitpro/devkitarm/bin/../lib/gcc/arm-eabi/4.1.1/../../../../arm-eabi/lib/thumb\libstdc++.a(eh_aux_runtime.o)
                0x020042d4                __cxa_bad_cast
                0x020042b0                __cxa_bad_typeid
 .text          0x020042f8      0x170 c:/devkitpro/devkitarm/bin/../lib/gcc/arm-eabi/4.1.1/../../../../arm-eabi/lib/thumb\libstdc++.a(eh_call.o)
                0x020042f8                __cxa_call_unexpected
                0x0200441c                __cxa_call_terminate
 .text          0x02004468      0x128 c:/devkitpro/devkitarm/bin/../lib/gcc/arm-eabi/4.1.1/../../../../arm-eabi/lib/thumb\libstdc++.a(eh_catch.o)
                0x02004468                std::uncaught_exception()
                0x02004500                __cxa_get_exception_ptr
                0x02004480                __cxa_end_catch
                0x02004504                __cxa_begin_catch
 .text          0x02004590       0x8c c:/devkitpro/devkitarm/bin/../lib/gcc/arm-eabi/4.1.1/../../../../arm-eabi/lib/thumb\libstdc++.a(eh_exception.o)
                0x020045c0                std::exception::~exception()
                0x02004590                std::exception::what() const
                0x02004604                std::bad_exception::~bad_exception()
                0x020045ec                std::bad_exception::~bad_exception()
                0x020045cc                std::bad_exception::~bad_exception()
                0x020045b4                std::exception::~exception()
                0x0200459c                std::exception::~exception()
 .text          0x0200461c       0x10 c:/devkitpro/devkitarm/bin/../lib/gcc/arm-eabi/4.1.1/../../../../arm-eabi/lib/thumb\libstdc++.a(eh_globals.o)
                0x0200461c                __cxa_get_globals_fast
                0x02004624                __cxa_get_globals
 .text          0x0200462c       0xec c:/devkitpro/devkitarm/bin/../lib/gcc/arm-eabi/4.1.1/../../../../arm-eabi/lib/thumb\libstdc++.a(eh_throw.o)
                0x0200462c                __cxa_rethrow
                0x02004690                __cxa_throw
 .text          0x02004718       0x18 c:/devkitpro/devkitarm/bin/../lib/gcc/arm-eabi/4.1.1/../../../../arm-eabi/lib/thumb\libstdc++.a(eh_type.o)
                0x02004718                __cxa_current_exception_type
 .text          0x02004730       0x60 c:/devkitpro/devkitarm/bin/../lib/gcc/arm-eabi/4.1.1/../../../../arm-eabi/lib/thumb\libstdc++.a(new_handler.o)
                0x02004778                std::bad_alloc::~bad_alloc()
                0x02004740                std::bad_alloc::~bad_alloc()
                0x02004730                std::set_new_handler(void (*)())
                0x02004760                std::bad_alloc::~bad_alloc()
 .text          0x02004790      0x9ac c:/devkitpro/devkitarm/bin/../lib/gcc/arm-eabi/4.1.1/../../../../arm-eabi/lib/thumb\libstdc++.a(tinfo.o)
                0x02004794                std::type_info::__is_function_p() const
                0x020048f4                __cxxabiv1::__si_class_type_info::~__si_class_type_info()
                0x02004c14                __cxxabiv1::__vmi_class_type_info::__do_upcast(__cxxabiv1::__class_type_info const*, void const*, __cxxabiv1::__class_type_info::__upcast_result&) const
                0x02004adc                std::bad_typeid::~bad_typeid()
                0x02004b2c                std::bad_cast::~bad_cast()
                0x020047d8                __cxxabiv1::__class_type_info::__do_find_public_src(int, void const*, __cxxabiv1::__class_type_info const*, void const*) const
                0x0200483c                __cxxabiv1::__class_type_info::~__class_type_info()
                0x0200488c                __cxxabiv1::__vmi_class_type_info::~__vmi_class_type_info()
                0x02004a94                __cxxabiv1::__class_type_info::__do_catch(std::type_info const*, void**, unsigned int) const
                0x02004b4c                std::bad_cast::~bad_cast()
                0x02004930                __cxxabiv1::__class_type_info::__do_upcast(__cxxabiv1::__class_type_info const*, void const*, __cxxabiv1::__class_type_info::__upcast_result&) const
                0x0200486c                __cxxabiv1::__vmi_class_type_info::~__vmi_class_type_info()
                0x02004b7c                __cxxabiv1::__vmi_class_type_info::__do_find_public_src(int, void const*, __cxxabiv1::__class_type_info const*, void const*) const
                0x02004804                std::type_info::~type_info()
                0x020047ec                std::type_info::~type_info()
                0x02004798                std::type_info::__do_upcast(__cxxabiv1::__class_type_info const*, void**) const
                0x02004a0c                __cxxabiv1::__class_type_info::__do_dyncast(int, __cxxabiv1::__class_type_info::__sub_kind, __cxxabiv1::__class_type_info const*, void const*, __cxxabiv1::__class_type_info const*, void const*, __cxxabiv1::__class_type_info::__dyncast_result&) const
                0x020048a4                __cxxabiv1::__vmi_class_type_info::~__vmi_class_type_info()
                0x0200479c                __cxxabiv1::__class_type_info::__do_upcast(__cxxabiv1::__class_type_info const*, void**) const
                0x02004984                __cxxabiv1::__si_class_type_info::__do_dyncast(int, __cxxabiv1::__class_type_info::__sub_kind, __cxxabiv1::__class_type_info const*, void const*, __cxxabiv1::__class_type_info const*, void const*, __cxxabiv1::__class_type_info::__dyncast_result&) const
                0x02004810                std::type_info::~type_info()
                0x02004954                __cxxabiv1::__si_class_type_info::__do_upcast(__cxxabiv1::__class_type_info const*, void const*, __cxxabiv1::__class_type_info::__upcast_result&) const
                0x020048dc                __cxxabiv1::__si_class_type_info::~__si_class_type_info()
                0x02004790                std::type_info::__is_pointer_p() const
                0x02004b64                std::bad_cast::~bad_cast()
                0x020048bc                __cxxabiv1::__si_class_type_info::~__si_class_type_info()
                0x02004854                __cxxabiv1::__class_type_info::~__class_type_info()
                0x02004e30                __cxxabiv1::__vmi_class_type_info::__do_dyncast(int, __cxxabiv1::__class_type_info::__sub_kind, __cxxabiv1::__class_type_info const*, void const*, __cxxabiv1::__class_type_info const*, void const*, __cxxabiv1::__class_type_info::__dyncast_result&) const
                0x02004a50                __cxxabiv1::__si_class_type_info::__do_find_public_src(int, void const*, __cxxabiv1::__class_type_info const*, void const*) const
                0x02004afc                std::bad_typeid::~bad_typeid()
                0x02004b14                std::bad_typeid::~bad_typeid()
                0x0200490c                std::type_info::operator==(std::type_info const&) const
                0x02004d74                __dynamic_cast
                0x02004acc                std::type_info::__do_catch(std::type_info const*, void**, unsigned int) const
                0x0200481c                __cxxabiv1::__class_type_info::~__class_type_info()
 .text          0x0200513c      0x344 c:/devkitpro/devkitarm/bin/../lib/gcc/arm-eabi/4.1.1/../../../../arm-eabi/lib/thumb\libstdc++.a(tinfo2.o)
                0x0200526c                __cxxabiv1::__pointer_type_info::~__pointer_type_info()
                0x020053ac                __cxxabiv1::__fundamental_type_info::~__fundamental_type_info()
                0x020051ac                __cxxabiv1::__pbase_type_info::~__pbase_type_info()
                0x020052d4                __cxxabiv1::__enum_type_info::~__enum_type_info()
                0x0200524c                __cxxabiv1::__pointer_type_info::~__pointer_type_info()
                0x0200538c                __cxxabiv1::__fundamental_type_info::~__fundamental_type_info()
                0x020051cc                __cxxabiv1::__pbase_type_info::~__pbase_type_info()
                0x020052ec                __cxxabiv1::__function_type_info::~__function_type_info()
                0x02005140                __cxxabiv1::__function_type_info::__is_function_p() const
                0x020052bc                __cxxabiv1::__enum_type_info::~__enum_type_info()
                0x020053dc                std::type_info::before(std::type_info const&) const
                0x020051e4                __cxxabiv1::__pbase_type_info::~__pbase_type_info()
                0x02005234                __cxxabiv1::__pointer_to_member_type_info::~__pointer_to_member_type_info()
                0x0200513c                __cxxabiv1::__pointer_type_info::__is_pointer_p() const
                0x020053c4                __cxxabiv1::__fundamental_type_info::~__fundamental_type_info()
                0x02005374                __cxxabiv1::__array_type_info::~__array_type_info()
                0x02005284                __cxxabiv1::__pointer_type_info::~__pointer_type_info()
                0x020051fc                __cxxabiv1::__pointer_to_member_type_info::~__pointer_to_member_type_info()
                0x0200535c                __cxxabiv1::__array_type_info::~__array_type_info()
                0x0200521c                __cxxabiv1::__pointer_to_member_type_info::~__pointer_to_member_type_info()
                0x02005144                __cxxabiv1::__pbase_type_info::__do_catch(std::type_info const*, void**, unsigned int) const
                0x0200533c                __cxxabiv1::__array_type_info::~__array_type_info()
                0x020053f8                __cxxabiv1::__pointer_type_info::__pointer_catch(__cxxabiv1::__pbase_type_info const*, void**, unsigned int) const
                0x02005324                __cxxabiv1::__function_type_info::~__function_type_info()
                0x0200529c                __cxxabiv1::__enum_type_info::~__enum_type_info()
                0x0200530c                __cxxabiv1::__function_type_info::~__function_type_info()
                0x02005448                __cxxabiv1::__pointer_to_member_type_info::__pointer_catch(__cxxabiv1::__pbase_type_info const*, void**, unsigned int) const
 .text          0x02005480       0x8c c:/devkitpro/devkitarm/bin/../lib/gcc/arm-eabi/4.1.1/thumb\libgcc.a(_udivsi3.o)
                0x02005480                __udivsi3
                0x02005480                __aeabi_uidiv
                0x020054fc                __aeabi_uidivmod
 .text          0x0200550c        0x4 c:/devkitpro/devkitarm/bin/../lib/gcc/arm-eabi/4.1.1/thumb\libgcc.a(_dvmd_tls.o)
                0x0200550c                __aeabi_ldiv0
                0x0200550c                __div0
                0x0200550c                __aeabi_idiv0
 .text          0x02005510       0x3c c:/devkitpro/devkitarm/bin/../lib/gcc/arm-eabi/4.1.1/thumb\libgcc.a(_call_via_rX.o)
                0x02005518                _call_via_r2
                0x02005528                _call_via_r6
                0x02005524                _call_via_r5
                0x0200551c                _call_via_r3
                0x0200553c                _call_via_fp
                0x02005530                _call_via_r8
                0x0200552c                _call_via_r7
                0x02005510                _call_via_r0
                0x02005538                _call_via_sl
                0x02005544                _call_via_sp
                0x02005534                _call_via_r9
                0x02005520                _call_via_r4
                0x02005514                _call_via_r1
                0x02005540                _call_via_ip
                0x02005548                _call_via_lr
 .text          0x0200554c      0x840 c:/devkitpro/devkitarm/bin/../lib/gcc/arm-eabi/4.1.1/thumb\libgcc.a(unwind-arm.o)
                0x02005c40                __gnu_Unwind_RaiseException
                0x020059d4                __aeabi_unwind_cpp_pr0
                0x02005680                _Unwind_GetCFA
                0x020055a4                _Unwind_VRS_Set
                0x02005cb8                _Unwind_VRS_Pop
                0x020059b4                __aeabi_unwind_cpp_pr2
                0x02005688                _Unwind_DeleteException
                0x02005684                _Unwind_Complete
                0x02005be4                __gnu_Unwind_Resume
                0x02005b90                __gnu_Unwind_ForcedUnwind
                0x02005c98                __gnu_Unwind_Resume_or_Rethrow
                0x020056a0                _Unwind_GetTextRelBase
                0x0200555c                _Unwind_VRS_Get
                0x020059c4                __aeabi_unwind_cpp_pr1
                0x020056a8                _Unwind_GetDataRelBase
 .text          0x02005d8c       0xdc c:/devkitpro/devkitarm/bin/../lib/gcc/arm-eabi/4.1.1/thumb\libgcc.a(libunwind.o)
                0x02005e3c                ___Unwind_ForcedUnwind
                0x02005db0                __gnu_Unwind_Save_VFP
                0x02005e10                _Unwind_Resume_or_Rethrow
                0x02005e10                ___Unwind_Resume_or_Rethrow
                0x02005d8c                __restore_core_regs
                0x02005db8                ___Unwind_RaiseException
                0x02005de4                ___Unwind_Resume
                0x02005da8                __gnu_Unwind_Restore_VFP
                0x02005de4                _Unwind_Resume
                0x02005db8                _Unwind_RaiseException
                0x02005d8c                restore_core_regs
                0x02005e3c                _Unwind_ForcedUnwind
 .text          0x02005e68      0x394 c:/devkitpro/devkitarm/bin/../lib/gcc/arm-eabi/4.1.1/thumb\libgcc.a(pr-support.o)
                0x02005ee0                _Unwind_GetRegionStart
                0x02005ef0                __gnu_unwind_execute
                0x02005ec8                _Unwind_GetLanguageSpecificData
                0x020061d0                __gnu_unwind_frame
 .text          0x020061fc       0x10 c:/devkitpro/devkitarm/bin/../lib/gcc/arm-eabi/4.1.1/../../../../arm-eabi/lib/thumb\libg.a(lib_a-abort.o)
                0x020061fc                abort
 .text          0x0200620c       0x58 c:/devkitpro/devkitarm/bin/../lib/gcc/arm-eabi/4.1.1/../../../../arm-eabi/lib/thumb\libg.a(lib_a-fputc.o)
                0x0200623c                _fputc_r
                0x0200620c                fputc
 .text          0x02006264       0x5c c:/devkitpro/devkitarm/bin/../lib/gcc/arm-eabi/4.1.1/../../../../arm-eabi/lib/thumb\libg.a(lib_a-fputs.o)
                0x02006264                _fputs_r
                0x020062a4                fputs
 .text          0x020062c0      0x2bc c:/devkitpro/devkitarm/bin/../lib/gcc/arm-eabi/4.1.1/../../../../arm-eabi/lib/thumb\libg.a(lib_a-fvwrite.o)
                0x020062c0                __sfvwrite_r
 .text          0x0200657c       0x78 c:/devkitpro/devkitarm/bin/../lib/gcc/arm-eabi/4.1.1/../../../../arm-eabi/lib/thumb\libg.a(lib_a-fwrite.o)
                0x0200657c                _fwrite_r
                0x020065cc                fwrite
 .text          0x020065f4        0x0 c:/devkitpro/devkitarm/bin/../lib/gcc/arm-eabi/4.1.1/../../../../arm-eabi/lib/thumb\libg.a(lib_a-impure.o)
 .text          0x020065f4       0x88 c:/devkitpro/devkitarm/bin/../lib/gcc/arm-eabi/4.1.1/../../../../arm-eabi/lib/thumb\libg.a(lib_a-init.o)
                0x02006624                __libc_init_array
                0x020065f4                __libc_fini_array
 .text          0x0200667c       0x30 c:/devkitpro/devkitarm/bin/../lib/gcc/arm-eabi/4.1.1/../../../../arm-eabi/lib/thumb\libg.a(lib_a-malloc.o)
                0x02006694                malloc
                0x0200667c                free
 .text          0x020066ac      0x54c c:/devkitpro/devkitarm/bin/../lib/gcc/arm-eabi/4.1.1/../../../../arm-eabi/lib/thumb\libg.a(lib_a-mallocr.o)
                0x020066ac                _malloc_r
 .text          0x02006bf8       0xb4 c:/devkitpro/devkitarm/bin/../lib/gcc/arm-eabi/4.1.1/../../../../arm-eabi/lib/thumb\libg.a(lib_a-memchr.o)
                0x02006bf8                memchr
 .text          0x02006cac       0x4c c:/devkitpro/devkitarm/bin/../lib/gcc/arm-eabi/4.1.1/../../../../arm-eabi/lib/thumb\libg.a(lib_a-memcmp.o)
                0x02006cac                memcmp
 .text          0x02006cf8       0x5c c:/devkitpro/devkitarm/bin/../lib/gcc/arm-eabi/4.1.1/../../../../arm-eabi/lib/thumb\libg.a(lib_a-memcpy.o)
                0x02006cf8                memcpy
 .text          0x02006d54       0x84 c:/devkitpro/devkitarm/bin/../lib/gcc/arm-eabi/4.1.1/../../../../arm-eabi/lib/thumb\libg.a(lib_a-memmove.o)
                0x02006d54                memmove
 .text          0x02006dd8       0x60 c:/devkitpro/devkitarm/bin/../lib/gcc/arm-eabi/4.1.1/../../../../arm-eabi/lib/thumb\libg.a(lib_a-memset.o)
                0x02006dd8                memset
 .text          0x02006e38        0x8 c:/devkitpro/devkitarm/bin/../lib/gcc/arm-eabi/4.1.1/../../../../arm-eabi/lib/thumb\libg.a(lib_a-mlock.o)
                0x02006e3c                __malloc_unlock
                0x02006e38                __malloc_lock
 .text          0x02006e40       0xd4 c:/devkitpro/devkitarm/bin/../lib/gcc/arm-eabi/4.1.1/../../../../arm-eabi/lib/thumb\libg.a(lib_a-putc.o)
                0x02006eac                _putc_r
                0x02006e40                putc
 *fill*         0x02006f14        0x4 ff
 .text          0x02006f18       0x58 c:/devkitpro/devkitarm/bin/../lib/gcc/arm-eabi/4.1.1/../../../../arm-eabi/lib/thumb\libg.a(lib_a-rand.o)
                0x02006f2c                rand
                0x02006f18                srand
 .text          0x02006f70       0x1c c:/devkitpro/devkitarm/bin/../lib/gcc/arm-eabi/4.1.1/../../../../arm-eabi/lib/thumb\libg.a(lib_a-realloc.o)
                0x02006f70                realloc
 .text          0x02006f8c      0x3d4 c:/devkitpro/devkitarm/bin/../lib/gcc/arm-eabi/4.1.1/../../../../arm-eabi/lib/thumb\libg.a(lib_a-reallocr.o)
                0x02006f8c                _realloc_r
 .text          0x02007360       0x2c c:/devkitpro/devkitarm/bin/../lib/gcc/arm-eabi/4.1.1/../../../../arm-eabi/lib/thumb\libg.a(lib_a-sbrkr.o)
                0x02007360                _sbrk_r
 .text          0x0200738c      0x1b4 c:/devkitpro/devkitarm/bin/../lib/gcc/arm-eabi/4.1.1/../../../../arm-eabi/lib/thumb\libg.a(lib_a-signal.o)
                0x020074dc                _signal_r
                0x02007450                _raise_r
                0x020073e0                __sigtramp_r
                0x02007520                signal
                0x020073c8                _init_signal
                0x0200738c                _init_signal_r
                0x02007438                __sigtramp
                0x020074c4                raise
 .text          0x02007540       0x40 c:/devkitpro/devkitarm/bin/../lib/gcc/arm-eabi/4.1.1/../../../../arm-eabi/lib/thumb\libg.a(lib_a-signalr.o)
                0x02007550                _kill_r
                0x02007540                _getpid_r
 .text          0x02007580       0x58 c:/devkitpro/devkitarm/bin/../lib/gcc/arm-eabi/4.1.1/../../../../arm-eabi/lib/thumb\libg.a(lib_a-strcat.o)
                0x02007580                strcat
 .text          0x020075d8       0x68 c:/devkitpro/devkitarm/bin/../lib/gcc/arm-eabi/4.1.1/../../../../arm-eabi/lib/thumb\libg.a(lib_a-strcmp.o)
                0x020075d8                strcmp
 .text          0x02007640       0x50 c:/devkitpro/devkitarm/bin/../lib/gcc/arm-eabi/4.1.1/../../../../arm-eabi/lib/thumb\libg.a(lib_a-strcpy.o)
                0x02007640                strcpy
 .text          0x02007690       0x50 c:/devkitpro/devkitarm/bin/../lib/gcc/arm-eabi/4.1.1/../../../../arm-eabi/lib/thumb\libg.a(lib_a-strlen.o)
                0x02007690                strlen
 .text          0x020076e0       0x94 c:/devkitpro/devkitarm/bin/../lib/gcc/arm-eabi/4.1.1/../../../../arm-eabi/lib/thumb\libg.a(lib_a-strncmp.o)
                0x020076e0                strncmp
 .text          0x02007774       0xb8 c:/devkitpro/devkitarm/bin/../lib/gcc/arm-eabi/4.1.1/../../../../arm-eabi/lib/thumb\libg.a(lib_a-wbuf.o)
                0x02007774                __swbuf_r
                0x02007810                __swbuf
 .text          0x0200782c       0xb0 c:/devkitpro/devkitarm/bin/../lib/gcc/arm-eabi/4.1.1/../../../../arm-eabi/lib/thumb\libg.a(lib_a-wsetup.o)
                0x0200782c                __swsetup
 .text          0x020078dc      0x10c c:/devkitpro/devkitarm/bin/../lib/gcc/arm-eabi/4.1.1/../../../../arm-eabi/lib/thumb\libg.a(lib_a-fflush.o)
                0x020078dc                fflush
 .text          0x020079e8      0x1cc c:/devkitpro/devkitarm/bin/../lib/gcc/arm-eabi/4.1.1/../../../../arm-eabi/lib/thumb\libg.a(lib_a-findfp.o)
                0x02007a30                __sinit
                0x02007af8                __sfmoreglue
                0x02007ae0                _cleanup
                0x02007acc                _cleanup_r
                0x02007ab0                __fp_lock_all
                0x02007a20                __sfp_lock_acquire
                0x02007b30                __sfp
                0x02007a2c                __sinit_lock_release
                0x02007a94                __fp_unlock_all
                0x02007a24                __sfp_lock_release
                0x02007a28                __sinit_lock_acquire
 .text          0x02007bb4      0x270 c:/devkitpro/devkitarm/bin/../lib/gcc/arm-eabi/4.1.1/../../../../arm-eabi/lib/thumb\libg.a(lib_a-freer.o)
                0x02007c58                _free_r
                0x02007bb4                _malloc_trim_r
 .text          0x02007e24       0xd4 c:/devkitpro/devkitarm/bin/../lib/gcc/arm-eabi/4.1.1/../../../../arm-eabi/lib/thumb\libg.a(lib_a-fwalk.o)
                0x02007e90                _fwalk
                0x02007e24                _fwalk_reent
 .text          0x02007ef8       0xe4 c:/devkitpro/devkitarm/bin/../lib/gcc/arm-eabi/4.1.1/../../../../arm-eabi/lib/thumb\libg.a(lib_a-makebuf.o)
                0x02007ef8                __smakebuf
 .text          0x02007fdc      0x118 c:/devkitpro/devkitarm/bin/../lib/gcc/arm-eabi/4.1.1/../../../../arm-eabi/lib/thumb\libg.a(lib_a-reent.o)
                0x0200802c                cleanup_glue
                0x02008050                _reclaim_reent
                0x02007fdc                _wrapup_reent
 .text          0x020080f4       0xe0 c:/devkitpro/devkitarm/bin/../lib/gcc/arm-eabi/4.1.1/../../../../arm-eabi/lib/thumb\libg.a(lib_a-stdio.o)
                0x02008110                __sseek
                0x02008198                __sread
                0x020080f4                __sclose
                0x02008150                __swrite
 .text          0x020081d4       0x30 c:/devkitpro/devkitarm/bin/../lib/gcc/arm-eabi/4.1.1/../../../../arm-eabi/lib/thumb\libg.a(lib_a-writer.o)
                0x020081d4                _write_r
 .text          0x02008204       0x2c c:/devkitpro/devkitarm/bin/../lib/gcc/arm-eabi/4.1.1/../../../../arm-eabi/lib/thumb\libg.a(lib_a-closer.o)
                0x02008204                _close_r
 .text          0x02008230       0xc4 c:/devkitpro/devkitarm/bin/../lib/gcc/arm-eabi/4.1.1/../../../../arm-eabi/lib/thumb\libg.a(lib_a-fclose.o)
                0x02008230                _fclose_r
                0x020082d8                fclose
 .text          0x020082f4       0x30 c:/devkitpro/devkitarm/bin/../lib/gcc/arm-eabi/4.1.1/../../../../arm-eabi/lib/thumb\libg.a(lib_a-fstatr.o)
                0x020082f4                _fstat_r
 .text          0x02008324       0x30 c:/devkitpro/devkitarm/bin/../lib/gcc/arm-eabi/4.1.1/../../../../arm-eabi/lib/thumb\libg.a(lib_a-lseekr.o)
                0x02008324                _lseek_r
 .text          0x02008354       0x30 c:/devkitpro/devkitarm/bin/../lib/gcc/arm-eabi/4.1.1/../../../../arm-eabi/lib/thumb\libg.a(lib_a-readr.o)
                0x02008354                _read_r
 .text          0x02008384       0x84 c:/devkitpro/devkitarm/bin/../lib/gcc/arm-eabi/4.1.1/thumb\libgcc.a(_muldi3.o)
                0x02008384                __aeabi_lmul
                0x02008384                __muldi3
 .text          0x02008408       0x4c c:/devkitpro/devkitarm/bin/../lib/gcc/arm-eabi/4.1.1/../../../../arm-eabi/lib/thumb\libsysbase.a(close.o)
                0x02008408                _close
 .text          0x02008454       0x50 c:/devkitpro/devkitarm/bin/../lib/gcc/arm-eabi/4.1.1/../../../../arm-eabi/lib/thumb\libsysbase.a(fstat.o)
                0x02008454                _fstat
 .text          0x020084a4       0x14 c:/devkitpro/devkitarm/bin/../lib/gcc/arm-eabi/4.1.1/../../../../arm-eabi/lib/thumb\libsysbase.a(getpid.o)
                0x020084a4                _getpid
 .text          0x020084b8        0x4 c:/devkitpro/devkitarm/bin/../lib/gcc/arm-eabi/4.1.1/../../../../arm-eabi/lib/thumb\libsysbase.a(isatty.o)
                0x020084b8                isatty
 .text          0x020084bc       0x14 c:/devkitpro/devkitarm/bin/../lib/gcc/arm-eabi/4.1.1/../../../../arm-eabi/lib/thumb\libsysbase.a(kill.o)
                0x020084bc                _kill
 .text          0x020084d0       0x38 c:/devkitpro/devkitarm/bin/../lib/gcc/arm-eabi/4.1.1/../../../../arm-eabi/lib/thumb\libsysbase.a(lseek.o)
                0x020084d0                _lseek
 .text          0x02008508       0x54 c:/devkitpro/devkitarm/bin/../lib/gcc/arm-eabi/4.1.1/../../../../arm-eabi/lib/thumb\libsysbase.a(read.o)
                0x02008508                _read
 .text          0x0200855c       0x64 c:/devkitpro/devkitarm/bin/../lib/gcc/arm-eabi/4.1.1/../../../../arm-eabi/lib/thumb\libsysbase.a(sbrk.o)
                0x0200855c                _sbrk
 .text          0x020085c0       0x54 c:/devkitpro/devkitarm/bin/../lib/gcc/arm-eabi/4.1.1/../../../../arm-eabi/lib/thumb\libsysbase.a(write.o)
                0x020085c0                _write
 .text          0x02008614        0x4 c:/devkitpro/devkitarm/bin/../lib/gcc/arm-eabi/4.1.1/../../../../arm-eabi/lib/thumb\libsysbase.a(_exit.o)
                0x02008614                _exit
 .text          0x02008618        0x0 c:/devkitpro/devkitarm/bin/../lib/gcc/arm-eabi/4.1.1/../../../../arm-eabi/lib/thumb\libsysbase.a(malloc_vars.o)
 .text          0x02008618      0x120 c:/devkitpro/devkitarm/bin/../lib/gcc/arm-eabi/4.1.1/../../../../arm-eabi/lib/thumb\libsysbase.a(iosupport.o)
                0x0200870c                RemoveDevice
                0x02008618                setDefaultDevice
                0x0200862c                AddDevice
                0x020086a4                FindDevice
 .text          0x02008738        0x0 c:/devkitpro/devkitarm/bin/../lib/gcc/arm-eabi/4.1.1/thumb/crtend.o
 .text          0x02008738        0x0 c:/devkitpro/devkitarm/bin/../lib/gcc/arm-eabi/4.1.1/thumb/crtn.o
 *(.text.*)
 .text._ZN7DiskMgrD1Ev
                0x02008738        0xc DiskMgr.o
                0x02008738                DiskMgr::~DiskMgr()
 .text._ZN7DiskMgrD0Ev
                0x02008744       0x18 DiskMgr.o
                0x02008744                DiskMgr::~DiskMgr()
 .text._ZN3MgrD0Ev
                0x0200875c       0x18 Mgr.o
                0x0200875c                Mgr::~Mgr()
 .text._ZN3MgrD1Ev
                0x02008774        0xc Mgr.o
                0x02008774                Mgr::~Mgr()
 .text._ZN6PadMgrD1Ev
                0x02008780        0xc PadMgr.o
                0x02008780                PadMgr::~PadMgr()
 .text._ZN6PadMgrD0Ev
                0x0200878c       0x18 PadMgr.o
                0x0200878c                PadMgr::~PadMgr()
 .text._ZN7TileMgrD1Ev
                0x020087a4        0xc TileMgr.o
                0x020087a4                TileMgr::~TileMgr()
 .text._ZN7TileMgrD0Ev
                0x020087b0       0x18 TileMgr.o
                0x020087b0                TileMgr::~TileMgr()
 .text._ZN11VariableMgrD1Ev
                0x020087c8        0xc VariableMgr.o
                0x020087c8                VariableMgr::~VariableMgr()
 .text._ZN11VariableMgrD0Ev
                0x020087d4       0x18 VariableMgr.o
                0x020087d4                VariableMgr::~VariableMgr()
 .text._ZNK10__cxxabiv117__pbase_type_info15__pointer_catchEPKS0_PPvj
                0x020087ec       0x18 c:/devkitpro/devkitarm/bin/../lib/gcc/arm-eabi/4.1.1/../../../../arm-eabi/lib/thumb\libstdc++.a(tinfo2.o)
                0x020087ec                __cxxabiv1::__pbase_type_info::__pointer_catch(__cxxabiv1::__pbase_type_info const*, void**, unsigned int) const
 *(.stub)
 *(.gnu.warning)
 *(.gnu.linkonce.t*)
 *(.glue_7)
 .glue_7        0x02008804        0x0 c:/devkitpro/devkitarm/bin/../lib/gcc/arm-eabi/4.1.1/../../../../arm-eabi/lib/thumb/ds_arm9_crt0.o
 .glue_7        0x02008804        0x0 c:/devkitpro/devkitarm/bin/../lib/gcc/arm-eabi/4.1.1/thumb/crti.o
 .glue_7        0x02008804        0x0 c:/devkitpro/devkitarm/bin/../lib/gcc/arm-eabi/4.1.1/thumb/crtbegin.o
 .glue_7        0x02008804        0x0 DiskData.o
 .glue_7        0x02008804        0x0 DiskMgr.o
 .glue_7        0x02008804        0x0 Interpreter.o
 .glue_7        0x02008804        0x0 Mgr.o
 .glue_7        0x02008804        0x0 PadMgr.o
 .glue_7        0x02008804        0x0 TileMgr.o
 .glue_7        0x02008804        0x0 VariableMgr.o
 .glue_7        0x02008804        0x0 main.o
 .glue_7        0x02008804        0x0 c:/devkitpro/devkitarm/bin/../lib/gcc/arm-eabi/4.1.1/../../../../arm-eabi/lib/thumb\libstdc++.a(del_op.o)
 .glue_7        0x02008804        0x0 c:/devkitpro/devkitarm/bin/../lib/gcc/arm-eabi/4.1.1/../../../../arm-eabi/lib/thumb\libstdc++.a(eh_personality.o)
 .glue_7        0x02008804        0x0 c:/devkitpro/devkitarm/bin/../lib/gcc/arm-eabi/4.1.1/../../../../arm-eabi/lib/thumb\libstdc++.a(eh_terminate.o)
 .glue_7        0x02008804        0x0 c:/devkitpro/devkitarm/bin/../lib/gcc/arm-eabi/4.1.1/../../../../arm-eabi/lib/thumb\libstdc++.a(eh_term_handler.o)
 .glue_7        0x02008804        0x0 c:/devkitpro/devkitarm/bin/../lib/gcc/arm-eabi/4.1.1/../../../../arm-eabi/lib/thumb\libstdc++.a(eh_unex_handler.o)
 .glue_7        0x02008804        0x0 c:/devkitpro/devkitarm/bin/../lib/gcc/arm-eabi/4.1.1/../../../../arm-eabi/lib/thumb\libstdc++.a(new_op.o)
 .glue_7        0x02008804        0x0 c:/devkitpro/devkitarm/bin/../lib/gcc/arm-eabi/4.1.1/../../../../arm-eabi/lib/thumb\libstdc++.a(vterminate.o)
 .glue_7        0x02008804        0x0 c:/devkitpro/devkitarm/bin/../lib/gcc/arm-eabi/4.1.1/../../../../arm-eabi/lib/thumb\libstdc++.a(cp-demangle.o)
 .glue_7        0x02008804        0x0 c:/devkitpro/devkitarm/bin/../lib/gcc/arm-eabi/4.1.1/../../../../arm-eabi/lib/thumb\libstdc++.a(eh_alloc.o)
 .glue_7        0x02008804        0x0 c:/devkitpro/devkitarm/bin/../lib/gcc/arm-eabi/4.1.1/../../../../arm-eabi/lib/thumb\libstdc++.a(eh_arm.o)
 .glue_7        0x02008804        0x0 c:/devkitpro/devkitarm/bin/../lib/gcc/arm-eabi/4.1.1/../../../../arm-eabi/lib/thumb\libstdc++.a(eh_aux_runtime.o)
 .glue_7        0x02008804        0x0 c:/devkitpro/devkitarm/bin/../lib/gcc/arm-eabi/4.1.1/../../../../arm-eabi/lib/thumb\libstdc++.a(eh_call.o)
 .glue_7        0x02008804        0x0 c:/devkitpro/devkitarm/bin/../lib/gcc/arm-eabi/4.1.1/../../../../arm-eabi/lib/thumb\libstdc++.a(eh_catch.o)
 .glue_7        0x02008804        0x0 c:/devkitpro/devkitarm/bin/../lib/gcc/arm-eabi/4.1.1/../../../../arm-eabi/lib/thumb\libstdc++.a(eh_exception.o)
 .glue_7        0x02008804        0x0 c:/devkitpro/devkitarm/bin/../lib/gcc/arm-eabi/4.1.1/../../../../arm-eabi/lib/thumb\libstdc++.a(eh_globals.o)
 .glue_7        0x02008804        0x0 c:/devkitpro/devkitarm/bin/../lib/gcc/arm-eabi/4.1.1/../../../../arm-eabi/lib/thumb\libstdc++.a(eh_throw.o)
 .glue_7        0x02008804        0x0 c:/devkitpro/devkitarm/bin/../lib/gcc/arm-eabi/4.1.1/../../../../arm-eabi/lib/thumb\libstdc++.a(eh_type.o)
 .glue_7        0x02008804        0x0 c:/devkitpro/devkitarm/bin/../lib/gcc/arm-eabi/4.1.1/../../../../arm-eabi/lib/thumb\libstdc++.a(new_handler.o)
 .glue_7        0x02008804        0x0 c:/devkitpro/devkitarm/bin/../lib/gcc/arm-eabi/4.1.1/../../../../arm-eabi/lib/thumb\libstdc++.a(tinfo.o)
 .glue_7        0x02008804        0x0 c:/devkitpro/devkitarm/bin/../lib/gcc/arm-eabi/4.1.1/../../../../arm-eabi/lib/thumb\libstdc++.a(tinfo2.o)
 .glue_7        0x02008804        0x0 c:/devkitpro/devkitarm/bin/../lib/gcc/arm-eabi/4.1.1/thumb\libgcc.a(_udivsi3.o)
 .glue_7        0x02008804        0x0 c:/devkitpro/devkitarm/bin/../lib/gcc/arm-eabi/4.1.1/thumb\libgcc.a(_dvmd_tls.o)
 .glue_7        0x02008804        0x0 c:/devkitpro/devkitarm/bin/../lib/gcc/arm-eabi/4.1.1/thumb\libgcc.a(_call_via_rX.o)
 .glue_7        0x02008804        0x0 c:/devkitpro/devkitarm/bin/../lib/gcc/arm-eabi/4.1.1/thumb\libgcc.a(unwind-arm.o)
 .glue_7        0x02008804        0x0 c:/devkitpro/devkitarm/bin/../lib/gcc/arm-eabi/4.1.1/thumb\libgcc.a(libunwind.o)
 .glue_7        0x02008804        0x0 c:/devkitpro/devkitarm/bin/../lib/gcc/arm-eabi/4.1.1/thumb\libgcc.a(pr-support.o)
 .glue_7        0x02008804        0x0 c:/devkitpro/devkitarm/bin/../lib/gcc/arm-eabi/4.1.1/../../../../arm-eabi/lib/thumb\libg.a(lib_a-abort.o)
 .glue_7        0x02008804        0x0 c:/devkitpro/devkitarm/bin/../lib/gcc/arm-eabi/4.1.1/../../../../arm-eabi/lib/thumb\libg.a(lib_a-fputc.o)
 .glue_7        0x02008804        0x0 c:/devkitpro/devkitarm/bin/../lib/gcc/arm-eabi/4.1.1/../../../../arm-eabi/lib/thumb\libg.a(lib_a-fputs.o)
 .glue_7        0x02008804        0x0 c:/devkitpro/devkitarm/bin/../lib/gcc/arm-eabi/4.1.1/../../../../arm-eabi/lib/thumb\libg.a(lib_a-fvwrite.o)
 .glue_7        0x02008804        0x0 c:/devkitpro/devkitarm/bin/../lib/gcc/arm-eabi/4.1.1/../../../../arm-eabi/lib/thumb\libg.a(lib_a-fwrite.o)
 .glue_7        0x02008804        0x0 c:/devkitpro/devkitarm/bin/../lib/gcc/arm-eabi/4.1.1/../../../../arm-eabi/lib/thumb\libg.a(lib_a-impure.o)
 .glue_7        0x02008804        0x0 c:/devkitpro/devkitarm/bin/../lib/gcc/arm-eabi/4.1.1/../../../../arm-eabi/lib/thumb\libg.a(lib_a-init.o)
 .glue_7        0x02008804        0x0 c:/devkitpro/devkitarm/bin/../lib/gcc/arm-eabi/4.1.1/../../../../arm-eabi/lib/thumb\libg.a(lib_a-malloc.o)
 .glue_7        0x02008804        0x0 c:/devkitpro/devkitarm/bin/../lib/gcc/arm-eabi/4.1.1/../../../../arm-eabi/lib/thumb\libg.a(lib_a-mallocr.o)
 .glue_7        0x02008804        0x0 c:/devkitpro/devkitarm/bin/../lib/gcc/arm-eabi/4.1.1/../../../../arm-eabi/lib/thumb\libg.a(lib_a-memchr.o)
 .glue_7        0x02008804        0x0 c:/devkitpro/devkitarm/bin/../lib/gcc/arm-eabi/4.1.1/../../../../arm-eabi/lib/thumb\libg.a(lib_a-memcmp.o)
 .glue_7        0x02008804        0x0 c:/devkitpro/devkitarm/bin/../lib/gcc/arm-eabi/4.1.1/../../../../arm-eabi/lib/thumb\libg.a(lib_a-memcpy.o)
 .glue_7        0x02008804        0x0 c:/devkitpro/devkitarm/bin/../lib/gcc/arm-eabi/4.1.1/../../../../arm-eabi/lib/thumb\libg.a(lib_a-memmove.o)
 .glue_7        0x02008804        0x0 c:/devkitpro/devkitarm/bin/../lib/gcc/arm-eabi/4.1.1/../../../../arm-eabi/lib/thumb\libg.a(lib_a-memset.o)
 .glue_7        0x02008804        0x0 c:/devkitpro/devkitarm/bin/../lib/gcc/arm-eabi/4.1.1/../../../../arm-eabi/lib/thumb\libg.a(lib_a-mlock.o)
 .glue_7        0x02008804        0x0 c:/devkitpro/devkitarm/bin/../lib/gcc/arm-eabi/4.1.1/../../../../arm-eabi/lib/thumb\libg.a(lib_a-putc.o)
 .glue_7        0x02008804        0x0 c:/devkitpro/devkitarm/bin/../lib/gcc/arm-eabi/4.1.1/../../../../arm-eabi/lib/thumb\libg.a(lib_a-rand.o)
 .glue_7        0x02008804        0x0 c:/devkitpro/devkitarm/bin/../lib/gcc/arm-eabi/4.1.1/../../../../arm-eabi/lib/thumb\libg.a(lib_a-realloc.o)
 .glue_7        0x02008804        0x0 c:/devkitpro/devkitarm/bin/../lib/gcc/arm-eabi/4.1.1/../../../../arm-eabi/lib/thumb\libg.a(lib_a-reallocr.o)
 .glue_7        0x02008804        0x0 c:/devkitpro/devkitarm/bin/../lib/gcc/arm-eabi/4.1.1/../../../../arm-eabi/lib/thumb\libg.a(lib_a-sbrkr.o)
 .glue_7        0x02008804        0x0 c:/devkitpro/devkitarm/bin/../lib/gcc/arm-eabi/4.1.1/../../../../arm-eabi/lib/thumb\libg.a(lib_a-signal.o)
 .glue_7        0x02008804        0x0 c:/devkitpro/devkitarm/bin/../lib/gcc/arm-eabi/4.1.1/../../../../arm-eabi/lib/thumb\libg.a(lib_a-signalr.o)
 .glue_7        0x02008804        0x0 c:/devkitpro/devkitarm/bin/../lib/gcc/arm-eabi/4.1.1/../../../../arm-eabi/lib/thumb\libg.a(lib_a-strcat.o)
 .glue_7        0x02008804        0x0 c:/devkitpro/devkitarm/bin/../lib/gcc/arm-eabi/4.1.1/../../../../arm-eabi/lib/thumb\libg.a(lib_a-strcmp.o)
 .glue_7        0x02008804        0x0 c:/devkitpro/devkitarm/bin/../lib/gcc/arm-eabi/4.1.1/../../../../arm-eabi/lib/thumb\libg.a(lib_a-strcpy.o)
 .glue_7        0x02008804        0x0 c:/devkitpro/devkitarm/bin/../lib/gcc/arm-eabi/4.1.1/../../../../arm-eabi/lib/thumb\libg.a(lib_a-strlen.o)
 .glue_7        0x02008804        0x0 c:/devkitpro/devkitarm/bin/../lib/gcc/arm-eabi/4.1.1/../../../../arm-eabi/lib/thumb\libg.a(lib_a-strncmp.o)
 .glue_7        0x02008804        0x0 c:/devkitpro/devkitarm/bin/../lib/gcc/arm-eabi/4.1.1/../../../../arm-eabi/lib/thumb\libg.a(lib_a-wbuf.o)
 .glue_7        0x02008804        0x0 c:/devkitpro/devkitarm/bin/../lib/gcc/arm-eabi/4.1.1/../../../../arm-eabi/lib/thumb\libg.a(lib_a-wsetup.o)
 .glue_7        0x02008804        0x0 c:/devkitpro/devkitarm/bin/../lib/gcc/arm-eabi/4.1.1/../../../../arm-eabi/lib/thumb\libg.a(lib_a-fflush.o)
 .glue_7        0x02008804        0x0 c:/devkitpro/devkitarm/bin/../lib/gcc/arm-eabi/4.1.1/../../../../arm-eabi/lib/thumb\libg.a(lib_a-findfp.o)
 .glue_7        0x02008804        0x0 c:/devkitpro/devkitarm/bin/../lib/gcc/arm-eabi/4.1.1/../../../../arm-eabi/lib/thumb\libg.a(lib_a-freer.o)
 .glue_7        0x02008804        0x0 c:/devkitpro/devkitarm/bin/../lib/gcc/arm-eabi/4.1.1/../../../../arm-eabi/lib/thumb\libg.a(lib_a-fwalk.o)
 .glue_7        0x02008804        0x0 c:/devkitpro/devkitarm/bin/../lib/gcc/arm-eabi/4.1.1/../../../../arm-eabi/lib/thumb\libg.a(lib_a-makebuf.o)
 .glue_7        0x02008804        0x0 c:/devkitpro/devkitarm/bin/../lib/gcc/arm-eabi/4.1.1/../../../../arm-eabi/lib/thumb\libg.a(lib_a-reent.o)
 .glue_7        0x02008804        0x0 c:/devkitpro/devkitarm/bin/../lib/gcc/arm-eabi/4.1.1/../../../../arm-eabi/lib/thumb\libg.a(lib_a-stdio.o)
 .glue_7        0x02008804        0x0 c:/devkitpro/devkitarm/bin/../lib/gcc/arm-eabi/4.1.1/../../../../arm-eabi/lib/thumb\libg.a(lib_a-writer.o)
 .glue_7        0x02008804        0x0 c:/devkitpro/devkitarm/bin/../lib/gcc/arm-eabi/4.1.1/../../../../arm-eabi/lib/thumb\libg.a(lib_a-closer.o)
 .glue_7        0x02008804        0x0 c:/devkitpro/devkitarm/bin/../lib/gcc/arm-eabi/4.1.1/../../../../arm-eabi/lib/thumb\libg.a(lib_a-fclose.o)
 .glue_7        0x02008804        0x0 c:/devkitpro/devkitarm/bin/../lib/gcc/arm-eabi/4.1.1/../../../../arm-eabi/lib/thumb\libg.a(lib_a-fstatr.o)
 .glue_7        0x02008804        0x0 c:/devkitpro/devkitarm/bin/../lib/gcc/arm-eabi/4.1.1/../../../../arm-eabi/lib/thumb\libg.a(lib_a-lseekr.o)
 .glue_7        0x02008804        0x0 c:/devkitpro/devkitarm/bin/../lib/gcc/arm-eabi/4.1.1/../../../../arm-eabi/lib/thumb\libg.a(lib_a-readr.o)
 .glue_7        0x02008804        0x0 c:/devkitpro/devkitarm/bin/../lib/gcc/arm-eabi/4.1.1/thumb\libgcc.a(_muldi3.o)
 .glue_7        0x02008804        0x0 c:/devkitpro/devkitarm/bin/../lib/gcc/arm-eabi/4.1.1/../../../../arm-eabi/lib/thumb\libsysbase.a(close.o)
 .glue_7        0x02008804        0x0 c:/devkitpro/devkitarm/bin/../lib/gcc/arm-eabi/4.1.1/../../../../arm-eabi/lib/thumb\libsysbase.a(fstat.o)
 .glue_7        0x02008804        0x0 c:/devkitpro/devkitarm/bin/../lib/gcc/arm-eabi/4.1.1/../../../../arm-eabi/lib/thumb\libsysbase.a(getpid.o)
 .glue_7        0x02008804        0x0 c:/devkitpro/devkitarm/bin/../lib/gcc/arm-eabi/4.1.1/../../../../arm-eabi/lib/thumb\libsysbase.a(isatty.o)
 .glue_7        0x02008804        0x0 c:/devkitpro/devkitarm/bin/../lib/gcc/arm-eabi/4.1.1/../../../../arm-eabi/lib/thumb\libsysbase.a(kill.o)
 .glue_7        0x02008804        0x0 c:/devkitpro/devkitarm/bin/../lib/gcc/arm-eabi/4.1.1/../../../../arm-eabi/lib/thumb\libsysbase.a(lseek.o)
 .glue_7        0x02008804        0x0 c:/devkitpro/devkitarm/bin/../lib/gcc/arm-eabi/4.1.1/../../../../arm-eabi/lib/thumb\libsysbase.a(read.o)
 .glue_7        0x02008804        0x0 c:/devkitpro/devkitarm/bin/../lib/gcc/arm-eabi/4.1.1/../../../../arm-eabi/lib/thumb\libsysbase.a(sbrk.o)
 .glue_7        0x02008804        0x0 c:/devkitpro/devkitarm/bin/../lib/gcc/arm-eabi/4.1.1/../../../../arm-eabi/lib/thumb\libsysbase.a(write.o)
 .glue_7        0x02008804        0x0 c:/devkitpro/devkitarm/bin/../lib/gcc/arm-eabi/4.1.1/../../../../arm-eabi/lib/thumb\libsysbase.a(_exit.o)
 .glue_7        0x02008804        0x0 c:/devkitpro/devkitarm/bin/../lib/gcc/arm-eabi/4.1.1/../../../../arm-eabi/lib/thumb\libsysbase.a(malloc_vars.o)
 .glue_7        0x02008804        0x0 c:/devkitpro/devkitarm/bin/../lib/gcc/arm-eabi/4.1.1/../../../../arm-eabi/lib/thumb\libsysbase.a(iosupport.o)
 .glue_7        0x02008804        0xc c:/devkitpro/devkitarm/bin/../lib/gcc/arm-eabi/4.1.1/thumb/crtend.o
                0x02008804                ___call_via_r3_from_arm
 .glue_7        0x02008810        0x0 c:/devkitpro/devkitarm/bin/../lib/gcc/arm-eabi/4.1.1/thumb/crtn.o
 *(.glue_7t)
 .glue_7t       0x02008810        0x0 c:/devkitpro/devkitarm/bin/../lib/gcc/arm-eabi/4.1.1/../../../../arm-eabi/lib/thumb/ds_arm9_crt0.o
 .glue_7t       0x02008810        0x0 c:/devkitpro/devkitarm/bin/../lib/gcc/arm-eabi/4.1.1/thumb/crti.o
 .glue_7t       0x02008810        0x0 c:/devkitpro/devkitarm/bin/../lib/gcc/arm-eabi/4.1.1/thumb/crtbegin.o
 .glue_7t       0x02008810        0x0 DiskData.o
 .glue_7t       0x02008810        0x0 DiskMgr.o
 .glue_7t       0x02008810        0x0 Interpreter.o
 .glue_7t       0x02008810        0x0 Mgr.o
 .glue_7t       0x02008810        0x0 PadMgr.o
 .glue_7t       0x02008810        0x0 TileMgr.o
 .glue_7t       0x02008810        0x0 VariableMgr.o
 .glue_7t       0x02008810        0x0 main.o
 .glue_7t       0x02008810        0x0 c:/devkitpro/devkitarm/bin/../lib/gcc/arm-eabi/4.1.1/../../../../arm-eabi/lib/thumb\libstdc++.a(del_op.o)
 .glue_7t       0x02008810        0x0 c:/devkitpro/devkitarm/bin/../lib/gcc/arm-eabi/4.1.1/../../../../arm-eabi/lib/thumb\libstdc++.a(eh_personality.o)
 .glue_7t       0x02008810        0x0 c:/devkitpro/devkitarm/bin/../lib/gcc/arm-eabi/4.1.1/../../../../arm-eabi/lib/thumb\libstdc++.a(eh_terminate.o)
 .glue_7t       0x02008810        0x0 c:/devkitpro/devkitarm/bin/../lib/gcc/arm-eabi/4.1.1/../../../../arm-eabi/lib/thumb\libstdc++.a(eh_term_handler.o)
 .glue_7t       0x02008810        0x0 c:/devkitpro/devkitarm/bin/../lib/gcc/arm-eabi/4.1.1/../../../../arm-eabi/lib/thumb\libstdc++.a(eh_unex_handler.o)
 .glue_7t       0x02008810        0x0 c:/devkitpro/devkitarm/bin/../lib/gcc/arm-eabi/4.1.1/../../../../arm-eabi/lib/thumb\libstdc++.a(new_op.o)
 .glue_7t       0x02008810        0x0 c:/devkitpro/devkitarm/bin/../lib/gcc/arm-eabi/4.1.1/../../../../arm-eabi/lib/thumb\libstdc++.a(vterminate.o)
 .glue_7t       0x02008810        0x0 c:/devkitpro/devkitarm/bin/../lib/gcc/arm-eabi/4.1.1/../../../../arm-eabi/lib/thumb\libstdc++.a(cp-demangle.o)
 .glue_7t       0x02008810        0x0 c:/devkitpro/devkitarm/bin/../lib/gcc/arm-eabi/4.1.1/../../../../arm-eabi/lib/thumb\libstdc++.a(eh_alloc.o)
 .glue_7t       0x02008810        0x0 c:/devkitpro/devkitarm/bin/../lib/gcc/arm-eabi/4.1.1/../../../../arm-eabi/lib/thumb\libstdc++.a(eh_arm.o)
 .glue_7t       0x02008810        0x0 c:/devkitpro/devkitarm/bin/../lib/gcc/arm-eabi/4.1.1/../../../../arm-eabi/lib/thumb\libstdc++.a(eh_aux_runtime.o)
 .glue_7t       0x02008810        0x0 c:/devkitpro/devkitarm/bin/../lib/gcc/arm-eabi/4.1.1/../../../../arm-eabi/lib/thumb\libstdc++.a(eh_call.o)
 .glue_7t       0x02008810        0x0 c:/devkitpro/devkitarm/bin/../lib/gcc/arm-eabi/4.1.1/../../../../arm-eabi/lib/thumb\libstdc++.a(eh_catch.o)
 .glue_7t       0x02008810        0x0 c:/devkitpro/devkitarm/bin/../lib/gcc/arm-eabi/4.1.1/../../../../arm-eabi/lib/thumb\libstdc++.a(eh_exception.o)
 .glue_7t       0x02008810        0x0 c:/devkitpro/devkitarm/bin/../lib/gcc/arm-eabi/4.1.1/../../../../arm-eabi/lib/thumb\libstdc++.a(eh_globals.o)
 .glue_7t       0x02008810        0x0 c:/devkitpro/devkitarm/bin/../lib/gcc/arm-eabi/4.1.1/../../../../arm-eabi/lib/thumb\libstdc++.a(eh_throw.o)
 .glue_7t       0x02008810        0x0 c:/devkitpro/devkitarm/bin/../lib/gcc/arm-eabi/4.1.1/../../../../arm-eabi/lib/thumb\libstdc++.a(eh_type.o)
 .glue_7t       0x02008810        0x0 c:/devkitpro/devkitarm/bin/../lib/gcc/arm-eabi/4.1.1/../../../../arm-eabi/lib/thumb\libstdc++.a(new_handler.o)
 .glue_7t       0x02008810        0x0 c:/devkitpro/devkitarm/bin/../lib/gcc/arm-eabi/4.1.1/../../../../arm-eabi/lib/thumb\libstdc++.a(tinfo.o)
 .glue_7t       0x02008810        0x0 c:/devkitpro/devkitarm/bin/../lib/gcc/arm-eabi/4.1.1/../../../../arm-eabi/lib/thumb\libstdc++.a(tinfo2.o)
 .glue_7t       0x02008810        0x0 c:/devkitpro/devkitarm/bin/../lib/gcc/arm-eabi/4.1.1/thumb\libgcc.a(_udivsi3.o)
 .glue_7t       0x02008810        0x0 c:/devkitpro/devkitarm/bin/../lib/gcc/arm-eabi/4.1.1/thumb\libgcc.a(_dvmd_tls.o)
 .glue_7t       0x02008810        0x0 c:/devkitpro/devkitarm/bin/../lib/gcc/arm-eabi/4.1.1/thumb\libgcc.a(_call_via_rX.o)
 .glue_7t       0x02008810        0x0 c:/devkitpro/devkitarm/bin/../lib/gcc/arm-eabi/4.1.1/thumb\libgcc.a(unwind-arm.o)
 .glue_7t       0x02008810        0x0 c:/devkitpro/devkitarm/bin/../lib/gcc/arm-eabi/4.1.1/thumb\libgcc.a(libunwind.o)
 .glue_7t       0x02008810        0x0 c:/devkitpro/devkitarm/bin/../lib/gcc/arm-eabi/4.1.1/thumb\libgcc.a(pr-support.o)
 .glue_7t       0x02008810        0x0 c:/devkitpro/devkitarm/bin/../lib/gcc/arm-eabi/4.1.1/../../../../arm-eabi/lib/thumb\libg.a(lib_a-abort.o)
 .glue_7t       0x02008810        0x0 c:/devkitpro/devkitarm/bin/../lib/gcc/arm-eabi/4.1.1/../../../../arm-eabi/lib/thumb\libg.a(lib_a-fputc.o)
 .glue_7t       0x02008810        0x0 c:/devkitpro/devkitarm/bin/../lib/gcc/arm-eabi/4.1.1/../../../../arm-eabi/lib/thumb\libg.a(lib_a-fputs.o)
 .glue_7t       0x02008810        0x0 c:/devkitpro/devkitarm/bin/../lib/gcc/arm-eabi/4.1.1/../../../../arm-eabi/lib/thumb\libg.a(lib_a-fvwrite.o)
 .glue_7t       0x02008810        0x0 c:/devkitpro/devkitarm/bin/../lib/gcc/arm-eabi/4.1.1/../../../../arm-eabi/lib/thumb\libg.a(lib_a-fwrite.o)
 .glue_7t       0x02008810        0x0 c:/devkitpro/devkitarm/bin/../lib/gcc/arm-eabi/4.1.1/../../../../arm-eabi/lib/thumb\libg.a(lib_a-impure.o)
 .glue_7t       0x02008810        0x0 c:/devkitpro/devkitarm/bin/../lib/gcc/arm-eabi/4.1.1/../../../../arm-eabi/lib/thumb\libg.a(lib_a-init.o)
 .glue_7t       0x02008810        0x0 c:/devkitpro/devkitarm/bin/../lib/gcc/arm-eabi/4.1.1/../../../../arm-eabi/lib/thumb\libg.a(lib_a-malloc.o)
 .glue_7t       0x02008810        0x0 c:/devkitpro/devkitarm/bin/../lib/gcc/arm-eabi/4.1.1/../../../../arm-eabi/lib/thumb\libg.a(lib_a-mallocr.o)
 .glue_7t       0x02008810        0x0 c:/devkitpro/devkitarm/bin/../lib/gcc/arm-eabi/4.1.1/../../../../arm-eabi/lib/thumb\libg.a(lib_a-memchr.o)
 .glue_7t       0x02008810        0x0 c:/devkitpro/devkitarm/bin/../lib/gcc/arm-eabi/4.1.1/../../../../arm-eabi/lib/thumb\libg.a(lib_a-memcmp.o)
 .glue_7t       0x02008810        0x0 c:/devkitpro/devkitarm/bin/../lib/gcc/arm-eabi/4.1.1/../../../../arm-eabi/lib/thumb\libg.a(lib_a-memcpy.o)
 .glue_7t       0x02008810        0x0 c:/devkitpro/devkitarm/bin/../lib/gcc/arm-eabi/4.1.1/../../../../arm-eabi/lib/thumb\libg.a(lib_a-memmove.o)
 .glue_7t       0x02008810        0x0 c:/devkitpro/devkitarm/bin/../lib/gcc/arm-eabi/4.1.1/../../../../arm-eabi/lib/thumb\libg.a(lib_a-memset.o)
 .glue_7t       0x02008810        0x0 c:/devkitpro/devkitarm/bin/../lib/gcc/arm-eabi/4.1.1/../../../../arm-eabi/lib/thumb\libg.a(lib_a-mlock.o)
 .glue_7t       0x02008810        0x0 c:/devkitpro/devkitarm/bin/../lib/gcc/arm-eabi/4.1.1/../../../../arm-eabi/lib/thumb\libg.a(lib_a-putc.o)
 .glue_7t       0x02008810        0x0 c:/devkitpro/devkitarm/bin/../lib/gcc/arm-eabi/4.1.1/../../../../arm-eabi/lib/thumb\libg.a(lib_a-rand.o)
 .glue_7t       0x02008810        0x0 c:/devkitpro/devkitarm/bin/../lib/gcc/arm-eabi/4.1.1/../../../../arm-eabi/lib/thumb\libg.a(lib_a-realloc.o)
 .glue_7t       0x02008810        0x0 c:/devkitpro/devkitarm/bin/../lib/gcc/arm-eabi/4.1.1/../../../../arm-eabi/lib/thumb\libg.a(lib_a-reallocr.o)
 .glue_7t       0x02008810        0x0 c:/devkitpro/devkitarm/bin/../lib/gcc/arm-eabi/4.1.1/../../../../arm-eabi/lib/thumb\libg.a(lib_a-sbrkr.o)
 .glue_7t       0x02008810        0x0 c:/devkitpro/devkitarm/bin/../lib/gcc/arm-eabi/4.1.1/../../../../arm-eabi/lib/thumb\libg.a(lib_a-signal.o)
 .glue_7t       0x02008810        0x0 c:/devkitpro/devkitarm/bin/../lib/gcc/arm-eabi/4.1.1/../../../../arm-eabi/lib/thumb\libg.a(lib_a-signalr.o)
 .glue_7t       0x02008810        0x0 c:/devkitpro/devkitarm/bin/../lib/gcc/arm-eabi/4.1.1/../../../../arm-eabi/lib/thumb\libg.a(lib_a-strcat.o)
 .glue_7t       0x02008810        0x0 c:/devkitpro/devkitarm/bin/../lib/gcc/arm-eabi/4.1.1/../../../../arm-eabi/lib/thumb\libg.a(lib_a-strcmp.o)
 .glue_7t       0x02008810        0x0 c:/devkitpro/devkitarm/bin/../lib/gcc/arm-eabi/4.1.1/../../../../arm-eabi/lib/thumb\libg.a(lib_a-strcpy.o)
 .glue_7t       0x02008810        0x0 c:/devkitpro/devkitarm/bin/../lib/gcc/arm-eabi/4.1.1/../../../../arm-eabi/lib/thumb\libg.a(lib_a-strlen.o)
 .glue_7t       0x02008810        0x0 c:/devkitpro/devkitarm/bin/../lib/gcc/arm-eabi/4.1.1/../../../../arm-eabi/lib/thumb\libg.a(lib_a-strncmp.o)
 .glue_7t       0x02008810        0x0 c:/devkitpro/devkitarm/bin/../lib/gcc/arm-eabi/4.1.1/../../../../arm-eabi/lib/thumb\libg.a(lib_a-wbuf.o)
 .glue_7t       0x02008810        0x0 c:/devkitpro/devkitarm/bin/../lib/gcc/arm-eabi/4.1.1/../../../../arm-eabi/lib/thumb\libg.a(lib_a-wsetup.o)
 .glue_7t       0x02008810        0x0 c:/devkitpro/devkitarm/bin/../lib/gcc/arm-eabi/4.1.1/../../../../arm-eabi/lib/thumb\libg.a(lib_a-fflush.o)
 .glue_7t       0x02008810        0x0 c:/devkitpro/devkitarm/bin/../lib/gcc/arm-eabi/4.1.1/../../../../arm-eabi/lib/thumb\libg.a(lib_a-findfp.o)
 .glue_7t       0x02008810        0x0 c:/devkitpro/devkitarm/bin/../lib/gcc/arm-eabi/4.1.1/../../../../arm-eabi/lib/thumb\libg.a(lib_a-freer.o)
 .glue_7t       0x02008810        0x0 c:/devkitpro/devkitarm/bin/../lib/gcc/arm-eabi/4.1.1/../../../../arm-eabi/lib/thumb\libg.a(lib_a-fwalk.o)
 .glue_7t       0x02008810        0x0 c:/devkitpro/devkitarm/bin/../lib/gcc/arm-eabi/4.1.1/../../../../arm-eabi/lib/thumb\libg.a(lib_a-makebuf.o)
 .glue_7t       0x02008810        0x0 c:/devkitpro/devkitarm/bin/../lib/gcc/arm-eabi/4.1.1/../../../../arm-eabi/lib/thumb\libg.a(lib_a-reent.o)
 .glue_7t       0x02008810        0x0 c:/devkitpro/devkitarm/bin/../lib/gcc/arm-eabi/4.1.1/../../../../arm-eabi/lib/thumb\libg.a(lib_a-stdio.o)
 .glue_7t       0x02008810        0x0 c:/devkitpro/devkitarm/bin/../lib/gcc/arm-eabi/4.1.1/../../../../arm-eabi/lib/thumb\libg.a(lib_a-writer.o)
 .glue_7t       0x02008810        0x0 c:/devkitpro/devkitarm/bin/../lib/gcc/arm-eabi/4.1.1/../../../../arm-eabi/lib/thumb\libg.a(lib_a-closer.o)
 .glue_7t       0x02008810        0x0 c:/devkitpro/devkitarm/bin/../lib/gcc/arm-eabi/4.1.1/../../../../arm-eabi/lib/thumb\libg.a(lib_a-fclose.o)
 .glue_7t       0x02008810        0x0 c:/devkitpro/devkitarm/bin/../lib/gcc/arm-eabi/4.1.1/../../../../arm-eabi/lib/thumb\libg.a(lib_a-fstatr.o)
 .glue_7t       0x02008810        0x0 c:/devkitpro/devkitarm/bin/../lib/gcc/arm-eabi/4.1.1/../../../../arm-eabi/lib/thumb\libg.a(lib_a-lseekr.o)
 .glue_7t       0x02008810        0x0 c:/devkitpro/devkitarm/bin/../lib/gcc/arm-eabi/4.1.1/../../../../arm-eabi/lib/thumb\libg.a(lib_a-readr.o)
 .glue_7t       0x02008810        0x0 c:/devkitpro/devkitarm/bin/../lib/gcc/arm-eabi/4.1.1/thumb\libgcc.a(_muldi3.o)
 .glue_7t       0x02008810        0x0 c:/devkitpro/devkitarm/bin/../lib/gcc/arm-eabi/4.1.1/../../../../arm-eabi/lib/thumb\libsysbase.a(close.o)
 .glue_7t       0x02008810        0x0 c:/devkitpro/devkitarm/bin/../lib/gcc/arm-eabi/4.1.1/../../../../arm-eabi/lib/thumb\libsysbase.a(fstat.o)
 .glue_7t       0x02008810        0x0 c:/devkitpro/devkitarm/bin/../lib/gcc/arm-eabi/4.1.1/../../../../arm-eabi/lib/thumb\libsysbase.a(getpid.o)
 .glue_7t       0x02008810        0x0 c:/devkitpro/devkitarm/bin/../lib/gcc/arm-eabi/4.1.1/../../../../arm-eabi/lib/thumb\libsysbase.a(isatty.o)
 .glue_7t       0x02008810        0x0 c:/devkitpro/devkitarm/bin/../lib/gcc/arm-eabi/4.1.1/../../../../arm-eabi/lib/thumb\libsysbase.a(kill.o)
 .glue_7t       0x02008810        0x0 c:/devkitpro/devkitarm/bin/../lib/gcc/arm-eabi/4.1.1/../../../../arm-eabi/lib/thumb\libsysbase.a(lseek.o)
 .glue_7t       0x02008810        0x0 c:/devkitpro/devkitarm/bin/../lib/gcc/arm-eabi/4.1.1/../../../../arm-eabi/lib/thumb\libsysbase.a(read.o)
 .glue_7t       0x02008810        0x0 c:/devkitpro/devkitarm/bin/../lib/gcc/arm-eabi/4.1.1/../../../../arm-eabi/lib/thumb\libsysbase.a(sbrk.o)
 .glue_7t       0x02008810        0x0 c:/devkitpro/devkitarm/bin/../lib/gcc/arm-eabi/4.1.1/../../../../arm-eabi/lib/thumb\libsysbase.a(write.o)
 .glue_7t       0x02008810        0x0 c:/devkitpro/devkitarm/bin/../lib/gcc/arm-eabi/4.1.1/../../../../arm-eabi/lib/thumb\libsysbase.a(_exit.o)
 .glue_7t       0x02008810        0x0 c:/devkitpro/devkitarm/bin/../lib/gcc/arm-eabi/4.1.1/../../../../arm-eabi/lib/thumb\libsysbase.a(malloc_vars.o)
 .glue_7t       0x02008810        0x0 c:/devkitpro/devkitarm/bin/../lib/gcc/arm-eabi/4.1.1/../../../../arm-eabi/lib/thumb\libsysbase.a(iosupport.o)
 .glue_7t       0x02008810       0x30 c:/devkitpro/devkitarm/bin/../lib/gcc/arm-eabi/4.1.1/thumb/crtend.o
                0x0200881c                ___Unwind_Resume_or_Rethrow_change_to_arm
                0x0200883c                ____gnu_Unwind_Save_VFP_change_to_arm
                0x02008834                ____gnu_Unwind_Restore_VFP_change_to_arm
                0x02008818                ___Unwind_Resume_or_Rethrow_from_thumb
                0x02008820                ___Unwind_RaiseException_from_thumb
                0x02008810                ___Unwind_Resume_from_thumb
                0x02008824                ___Unwind_RaiseException_change_to_arm
                0x02008830                ____gnu_Unwind_Restore_VFP_from_thumb
                0x0200882c                __restore_core_regs_change_to_arm
                0x02008838                ____gnu_Unwind_Save_VFP_from_thumb
                0x02008828                __restore_core_regs_from_thumb
                0x02008814                ___Unwind_Resume_change_to_arm
 .glue_7t       0x02008840        0x0 c:/devkitpro/devkitarm/bin/../lib/gcc/arm-eabi/4.1.1/thumb/crtn.o
                0x02008840                . = ALIGN (0x4)

.fini           0x02008840        0xc
 *(.fini)
 .fini          0x02008840        0x4 c:/devkitpro/devkitarm/bin/../lib/gcc/arm-eabi/4.1.1/thumb/crti.o
                0x02008840                _fini
 .fini          0x02008844        0x8 c:/devkitpro/devkitarm/bin/../lib/gcc/arm-eabi/4.1.1/thumb/crtn.o
                0x0200884c                __text_end = .

.rodata         0x02008850     0x1b18
 *(.rodata)
 .rodata        0x02008850       0x18 DiskMgr.o
                0x02008850                vtable for DiskMgr
 .rodata        0x02008868       0x18 Mgr.o
                0x02008868                vtable for Mgr
 .rodata        0x02008880       0x18 PadMgr.o
                0x02008880                vtable for PadMgr
 .rodata        0x02008898       0x30 TileMgr.o
                0x020088b0                vtable for TileMgr
 .rodata        0x020088c8       0x68 VariableMgr.o
                0x02008918                vtable for VariableMgr
 .rodata        0x02008930       0x34 c:/devkitpro/devkitarm/bin/../lib/gcc/arm-eabi/4.1.1/../../../../arm-eabi/lib/thumb\libstdc++.a(eh_personality.o)
 .rodata        0x02008964      0xad4 c:/devkitpro/devkitarm/bin/../lib/gcc/arm-eabi/4.1.1/../../../../arm-eabi/lib/thumb\libstdc++.a(cp-demangle.o)
 .rodata        0x02009438       0x68 c:/devkitpro/devkitarm/bin/../lib/gcc/arm-eabi/4.1.1/../../../../arm-eabi/lib/thumb\libstdc++.a(eh_exception.o)
                0x02009438                vtable for std::bad_exception
                0x02009494                typeinfo for std::exception
                0x02009464                typeinfo name for std::bad_exception
                0x02009450                vtable for std::exception
                0x02009478                typeinfo for std::bad_exception
                0x02009484                typeinfo name for std::exception
 .rodata        0x020094a0       0x38 c:/devkitpro/devkitarm/bin/../lib/gcc/arm-eabi/4.1.1/../../../../arm-eabi/lib/thumb\libstdc++.a(new_handler.o)
                0x020094cc                typeinfo for std::bad_alloc
                0x020094a8                vtable for std::bad_alloc
                0x020094bc                typeinfo name for std::bad_alloc
                0x020094a0                std::nothrow
 .rodata        0x020094d8      0x1c8 c:/devkitpro/devkitarm/bin/../lib/gcc/arm-eabi/4.1.1/../../../../arm-eabi/lib/thumb\libstdc++.a(tinfo.o)
                0x020095ec                typeinfo name for __cxxabiv1::__si_class_type_info
                0x02009678                typeinfo for std::bad_cast
                0x020095e0                typeinfo for __cxxabiv1::__vmi_class_type_info
                0x02009598                vtable for std::type_info
                0x02009508                vtable for __cxxabiv1::__si_class_type_info
                0x02009620                typeinfo name for __cxxabiv1::__class_type_info
                0x02009684                typeinfo name for std::type_info
                0x02009660                typeinfo for std::bad_typeid
                0x020095b8                typeinfo name for __cxxabiv1::__vmi_class_type_info
                0x0200966c                typeinfo name for std::bad_cast
                0x02009538                vtable for __cxxabiv1::__class_type_info
                0x02009568                vtable for std::bad_typeid
                0x02009580                vtable for std::bad_cast
                0x02009644                typeinfo for __cxxabiv1::__class_type_info
                0x020094d8                vtable for __cxxabiv1::__vmi_class_type_info
                0x02009614                typeinfo for __cxxabiv1::__si_class_type_info
                0x02009694                typeinfo for std::type_info
                0x02009650                typeinfo name for std::bad_typeid
 .rodata        0x020096a0      0x260 c:/devkitpro/devkitarm/bin/../lib/gcc/arm-eabi/4.1.1/../../../../arm-eabi/lib/thumb\libstdc++.a(tinfo2.o)
                0x020096a0                vtable for __cxxabiv1::__pointer_to_member_type_info
                0x020097d4                typeinfo name for __cxxabiv1::__pointer_type_info
                0x02009798                typeinfo name for __cxxabiv1::__pointer_to_member_type_info
                0x02009828                typeinfo for __cxxabiv1::__pbase_type_info
                0x020096c8                vtable for __cxxabiv1::__pointer_type_info
                0x020096f0                vtable for __cxxabiv1::__pbase_type_info
                0x02009758                vtable for __cxxabiv1::__array_type_info
                0x020098f0                typeinfo for __cxxabiv1::__fundamental_type_info
                0x02009718                vtable for __cxxabiv1::__enum_type_info
                0x0200988c                typeinfo for __cxxabiv1::__function_type_info
                0x020098bc                typeinfo for __cxxabiv1::__array_type_info
                0x02009834                typeinfo name for __cxxabiv1::__enum_type_info
                0x02009738                vtable for __cxxabiv1::__function_type_info
                0x02009778                vtable for __cxxabiv1::__fundamental_type_info
                0x020097c8                typeinfo for __cxxabiv1::__pointer_to_member_type_info
                0x02009804                typeinfo name for __cxxabiv1::__pbase_type_info
                0x02009864                typeinfo name for __cxxabiv1::__function_type_info
                0x02009858                typeinfo for __cxxabiv1::__enum_type_info
                0x02009898                typeinfo name for __cxxabiv1::__array_type_info
                0x020098c8                typeinfo name for __cxxabiv1::__fundamental_type_info
                0x020097f8                typeinfo for __cxxabiv1::__pointer_type_info
 .rodata        0x02009900        0x4 c:/devkitpro/devkitarm/bin/../lib/gcc/arm-eabi/4.1.1/../../../../arm-eabi/lib/thumb\libg.a(lib_a-impure.o)
                0x02009900                _global_impure_ptr
 .rodata        0x02009904       0x4c c:/devkitpro/devkitarm/bin/../lib/gcc/arm-eabi/4.1.1/../../../../arm-eabi/lib/thumb\libsysbase.a(iosupport.o)
                0x02009904                dotab_stdnull
 *all.rodata*(*)
 *(.roda)
 *(.rodata.*)
 .rodata.str1.4
                0x02009950       0x92 c:/devkitpro/devkitarm/bin/../lib/gcc/arm-eabi/4.1.1/../../../../arm-eabi/lib/thumb\libstdc++.a(vterminate.o)
                                 0x94 (size before relaxing)
 *fill*         0x020099e2        0x2 ff
 .rodata.str1.4
                0x020099e4      0x604 c:/devkitpro/devkitarm/bin/../lib/gcc/arm-eabi/4.1.1/../../../../arm-eabi/lib/thumb\libstdc++.a(cp-demangle.o)
                                0x630 (size before relaxing)
 .rodata._ZTIPKe
                0x02009fe8       0x10 c:/devkitpro/devkitarm/bin/../lib/gcc/arm-eabi/4.1.1/../../../../arm-eabi/lib/thumb\libstdc++.a(tinfo2.o)
                0x02009fe8                typeinfo for long double const*
 .rodata._ZTIPe
                0x02009ff8       0x10 c:/devkitpro/devkitarm/bin/../lib/gcc/arm-eabi/4.1.1/../../../../arm-eabi/lib/thumb\libstdc++.a(tinfo2.o)
                0x02009ff8                typeinfo for long double*
 .rodata._ZTIe  0x0200a008        0x8 c:/devkitpro/devkitarm/bin/../lib/gcc/arm-eabi/4.1.1/../../../../arm-eabi/lib/thumb\libstdc++.a(tinfo2.o)
                0x0200a008                typeinfo for long double
 .rodata._ZTIPKd
                0x0200a010       0x10 c:/devkitpro/devkitarm/bin/../lib/gcc/arm-eabi/4.1.1/../../../../arm-eabi/lib/thumb\libstdc++.a(tinfo2.o)
                0x0200a010                typeinfo for double const*
 .rodata._ZTIPd
                0x0200a020       0x10 c:/devkitpro/devkitarm/bin/../lib/gcc/arm-eabi/4.1.1/../../../../arm-eabi/lib/thumb\libstdc++.a(tinfo2.o)
                0x0200a020                typeinfo for double*
 .rodata._ZTId  0x0200a030        0x8 c:/devkitpro/devkitarm/bin/../lib/gcc/arm-eabi/4.1.1/../../../../arm-eabi/lib/thumb\libstdc++.a(tinfo2.o)
                0x0200a030                typeinfo for double
 .rodata._ZTIPKf
                0x0200a038       0x10 c:/devkitpro/devkitarm/bin/../lib/gcc/arm-eabi/4.1.1/../../../../arm-eabi/lib/thumb\libstdc++.a(tinfo2.o)
                0x0200a038                typeinfo for float const*
 .rodata._ZTIPf
                0x0200a048       0x10 c:/devkitpro/devkitarm/bin/../lib/gcc/arm-eabi/4.1.1/../../../../arm-eabi/lib/thumb\libstdc++.a(tinfo2.o)
                0x0200a048                typeinfo for float*
 .rodata._ZTIf  0x0200a058        0x8 c:/devkitpro/devkitarm/bin/../lib/gcc/arm-eabi/4.1.1/../../../../arm-eabi/lib/thumb\libstdc++.a(tinfo2.o)
                0x0200a058                typeinfo for float
 .rodata._ZTIPKy
                0x0200a060       0x10 c:/devkitpro/devkitarm/bin/../lib/gcc/arm-eabi/4.1.1/../../../../arm-eabi/lib/thumb\libstdc++.a(tinfo2.o)
                0x0200a060                typeinfo for unsigned long long const*
 .rodata._ZTIPy
                0x0200a070       0x10 c:/devkitpro/devkitarm/bin/../lib/gcc/arm-eabi/4.1.1/../../../../arm-eabi/lib/thumb\libstdc++.a(tinfo2.o)
                0x0200a070                typeinfo for unsigned long long*
 .rodata._ZTIy  0x0200a080        0x8 c:/devkitpro/devkitarm/bin/../lib/gcc/arm-eabi/4.1.1/../../../../arm-eabi/lib/thumb\libstdc++.a(tinfo2.o)
                0x0200a080                typeinfo for unsigned long long
 .rodata._ZTIPKx
                0x0200a088       0x10 c:/devkitpro/devkitarm/bin/../lib/gcc/arm-eabi/4.1.1/../../../../arm-eabi/lib/thumb\libstdc++.a(tinfo2.o)
                0x0200a088                typeinfo for long long const*
 .rodata._ZTIPx
                0x0200a098       0x10 c:/devkitpro/devkitarm/bin/../lib/gcc/arm-eabi/4.1.1/../../../../arm-eabi/lib/thumb\libstdc++.a(tinfo2.o)
                0x0200a098                typeinfo for long long*
 .rodata._ZTIx  0x0200a0a8        0x8 c:/devkitpro/devkitarm/bin/../lib/gcc/arm-eabi/4.1.1/../../../../arm-eabi/lib/thumb\libstdc++.a(tinfo2.o)
                0x0200a0a8                typeinfo for long long
 .rodata._ZTIPKm
                0x0200a0b0       0x10 c:/devkitpro/devkitarm/bin/../lib/gcc/arm-eabi/4.1.1/../../../../arm-eabi/lib/thumb\libstdc++.a(tinfo2.o)
                0x0200a0b0                typeinfo for unsigned long const*
 .rodata._ZTIPm
                0x0200a0c0       0x10 c:/devkitpro/devkitarm/bin/../lib/gcc/arm-eabi/4.1.1/../../../../arm-eabi/lib/thumb\libstdc++.a(tinfo2.o)
                0x0200a0c0                typeinfo for unsigned long*
 .rodata._ZTIm  0x0200a0d0        0x8 c:/devkitpro/devkitarm/bin/../lib/gcc/arm-eabi/4.1.1/../../../../arm-eabi/lib/thumb\libstdc++.a(tinfo2.o)
                0x0200a0d0                typeinfo for unsigned long
 .rodata._ZTIPKl
                0x0200a0d8       0x10 c:/devkitpro/devkitarm/bin/../lib/gcc/arm-eabi/4.1.1/../../../../arm-eabi/lib/thumb\libstdc++.a(tinfo2.o)
                0x0200a0d8                typeinfo for long const*
 .rodata._ZTIPl
                0x0200a0e8       0x10 c:/devkitpro/devkitarm/bin/../lib/gcc/arm-eabi/4.1.1/../../../../arm-eabi/lib/thumb\libstdc++.a(tinfo2.o)
                0x0200a0e8                typeinfo for long*
 .rodata._ZTIl  0x0200a0f8        0x8 c:/devkitpro/devkitarm/bin/../lib/gcc/arm-eabi/4.1.1/../../../../arm-eabi/lib/thumb\libstdc++.a(tinfo2.o)
                0x0200a0f8                typeinfo for long
 .rodata._ZTIPKj
                0x0200a100       0x10 c:/devkitpro/devkitarm/bin/../lib/gcc/arm-eabi/4.1.1/../../../../arm-eabi/lib/thumb\libstdc++.a(tinfo2.o)
                0x0200a100                typeinfo for unsigned int const*
 .rodata._ZTIPj
                0x0200a110       0x10 c:/devkitpro/devkitarm/bin/../lib/gcc/arm-eabi/4.1.1/../../../../arm-eabi/lib/thumb\libstdc++.a(tinfo2.o)
                0x0200a110                typeinfo for unsigned int*
 .rodata._ZTIj  0x0200a120        0x8 c:/devkitpro/devkitarm/bin/../lib/gcc/arm-eabi/4.1.1/../../../../arm-eabi/lib/thumb\libstdc++.a(tinfo2.o)
                0x0200a120                typeinfo for unsigned int
 .rodata._ZTIPKi
                0x0200a128       0x10 c:/devkitpro/devkitarm/bin/../lib/gcc/arm-eabi/4.1.1/../../../../arm-eabi/lib/thumb\libstdc++.a(tinfo2.o)
                0x0200a128                typeinfo for int const*
 .rodata._ZTIPi
                0x0200a138       0x10 c:/devkitpro/devkitarm/bin/../lib/gcc/arm-eabi/4.1.1/../../../../arm-eabi/lib/thumb\libstdc++.a(tinfo2.o)
                0x0200a138                typeinfo for int*
 .rodata._ZTIi  0x0200a148        0x8 c:/devkitpro/devkitarm/bin/../lib/gcc/arm-eabi/4.1.1/../../../../arm-eabi/lib/thumb\libstdc++.a(tinfo2.o)
                0x0200a148                typeinfo for int
 .rodata._ZTIPKt
                0x0200a150       0x10 c:/devkitpro/devkitarm/bin/../lib/gcc/arm-eabi/4.1.1/../../../../arm-eabi/lib/thumb\libstdc++.a(tinfo2.o)
                0x0200a150                typeinfo for unsigned short const*
 .rodata._ZTIPt
                0x0200a160       0x10 c:/devkitpro/devkitarm/bin/../lib/gcc/arm-eabi/4.1.1/../../../../arm-eabi/lib/thumb\libstdc++.a(tinfo2.o)
                0x0200a160                typeinfo for unsigned short*
 .rodata._ZTIt  0x0200a170        0x8 c:/devkitpro/devkitarm/bin/../lib/gcc/arm-eabi/4.1.1/../../../../arm-eabi/lib/thumb\libstdc++.a(tinfo2.o)
                0x0200a170                typeinfo for unsigned short
 .rodata._ZTIPKs
                0x0200a178       0x10 c:/devkitpro/devkitarm/bin/../lib/gcc/arm-eabi/4.1.1/../../../../arm-eabi/lib/thumb\libstdc++.a(tinfo2.o)
                0x0200a178                typeinfo for short const*
 .rodata._ZTIPs
                0x0200a188       0x10 c:/devkitpro/devkitarm/bin/../lib/gcc/arm-eabi/4.1.1/../../../../arm-eabi/lib/thumb\libstdc++.a(tinfo2.o)
                0x0200a188                typeinfo for short*
 .rodata._ZTIs  0x0200a198        0x8 c:/devkitpro/devkitarm/bin/../lib/gcc/arm-eabi/4.1.1/../../../../arm-eabi/lib/thumb\libstdc++.a(tinfo2.o)
                0x0200a198                typeinfo for short
 .rodata._ZTIPKh
                0x0200a1a0       0x10 c:/devkitpro/devkitarm/bin/../lib/gcc/arm-eabi/4.1.1/../../../../arm-eabi/lib/thumb\libstdc++.a(tinfo2.o)
                0x0200a1a0                typeinfo for unsigned char const*
 .rodata._ZTIPh
                0x0200a1b0       0x10 c:/devkitpro/devkitarm/bin/../lib/gcc/arm-eabi/4.1.1/../../../../arm-eabi/lib/thumb\libstdc++.a(tinfo2.o)
                0x0200a1b0                typeinfo for unsigned char*
 .rodata._ZTIh  0x0200a1c0        0x8 c:/devkitpro/devkitarm/bin/../lib/gcc/arm-eabi/4.1.1/../../../../arm-eabi/lib/thumb\libstdc++.a(tinfo2.o)
                0x0200a1c0                typeinfo for unsigned char
 .rodata._ZTIPKa
                0x0200a1c8       0x10 c:/devkitpro/devkitarm/bin/../lib/gcc/arm-eabi/4.1.1/../../../../arm-eabi/lib/thumb\libstdc++.a(tinfo2.o)
                0x0200a1c8                typeinfo for signed char const*
 .rodata._ZTIPa
                0x0200a1d8       0x10 c:/devkitpro/devkitarm/bin/../lib/gcc/arm-eabi/4.1.1/../../../../arm-eabi/lib/thumb\libstdc++.a(tinfo2.o)
                0x0200a1d8                typeinfo for signed char*
 .rodata._ZTIa  0x0200a1e8        0x8 c:/devkitpro/devkitarm/bin/../lib/gcc/arm-eabi/4.1.1/../../../../arm-eabi/lib/thumb\libstdc++.a(tinfo2.o)
                0x0200a1e8                typeinfo for signed char
 .rodata._ZTIPKc
                0x0200a1f0       0x10 c:/devkitpro/devkitarm/bin/../lib/gcc/arm-eabi/4.1.1/../../../../arm-eabi/lib/thumb\libstdc++.a(tinfo2.o)
                0x0200a1f0                typeinfo for char const*
 .rodata._ZTIPc
                0x0200a200       0x10 c:/devkitpro/devkitarm/bin/../lib/gcc/arm-eabi/4.1.1/../../../../arm-eabi/lib/thumb\libstdc++.a(tinfo2.o)
                0x0200a200                typeinfo for char*
 .rodata._ZTIc  0x0200a210        0x8 c:/devkitpro/devkitarm/bin/../lib/gcc/arm-eabi/4.1.1/../../../../arm-eabi/lib/thumb\libstdc++.a(tinfo2.o)
                0x0200a210                typeinfo for char
 .rodata._ZTIPKw
                0x0200a218       0x10 c:/devkitpro/devkitarm/bin/../lib/gcc/arm-eabi/4.1.1/../../../../arm-eabi/lib/thumb\libstdc++.a(tinfo2.o)
                0x0200a218                typeinfo for wchar_t const*
 .rodata._ZTIPw
                0x0200a228       0x10 c:/devkitpro/devkitarm/bin/../lib/gcc/arm-eabi/4.1.1/../../../../arm-eabi/lib/thumb\libstdc++.a(tinfo2.o)
                0x0200a228                typeinfo for wchar_t*
 .rodata._ZTIw  0x0200a238        0x8 c:/devkitpro/devkitarm/bin/../lib/gcc/arm-eabi/4.1.1/../../../../arm-eabi/lib/thumb\libstdc++.a(tinfo2.o)
                0x0200a238                typeinfo for wchar_t
 .rodata._ZTIPKb
                0x0200a240       0x10 c:/devkitpro/devkitarm/bin/../lib/gcc/arm-eabi/4.1.1/../../../../arm-eabi/lib/thumb\libstdc++.a(tinfo2.o)
                0x0200a240                typeinfo for bool const*
 .rodata._ZTIPb
                0x0200a250       0x10 c:/devkitpro/devkitarm/bin/../lib/gcc/arm-eabi/4.1.1/../../../../arm-eabi/lib/thumb\libstdc++.a(tinfo2.o)
                0x0200a250                typeinfo for bool*
 .rodata._ZTIb  0x0200a260        0x8 c:/devkitpro/devkitarm/bin/../lib/gcc/arm-eabi/4.1.1/../../../../arm-eabi/lib/thumb\libstdc++.a(tinfo2.o)
                0x0200a260                typeinfo for bool
 .rodata._ZTIPKv
                0x0200a268       0x10 c:/devkitpro/devkitarm/bin/../lib/gcc/arm-eabi/4.1.1/../../../../arm-eabi/lib/thumb\libstdc++.a(tinfo2.o)
                0x0200a268                typeinfo for void const*
 .rodata._ZTIPv
                0x0200a278       0x10 c:/devkitpro/devkitarm/bin/../lib/gcc/arm-eabi/4.1.1/../../../../arm-eabi/lib/thumb\libstdc++.a(tinfo2.o)
                0x0200a278                typeinfo for void*
 .rodata._ZTIv  0x0200a288        0x8 c:/devkitpro/devkitarm/bin/../lib/gcc/arm-eabi/4.1.1/../../../../arm-eabi/lib/thumb\libstdc++.a(tinfo2.o)
                0x0200a288                typeinfo for void
 .rodata._ZTSPKe
                0x0200a290        0x4 c:/devkitpro/devkitarm/bin/../lib/gcc/arm-eabi/4.1.1/../../../../arm-eabi/lib/thumb\libstdc++.a(tinfo2.o)
                0x0200a290                typeinfo name for long double const*
 .rodata._ZTSPe
                0x0200a294        0x4 c:/devkitpro/devkitarm/bin/../lib/gcc/arm-eabi/4.1.1/../../../../arm-eabi/lib/thumb\libstdc++.a(tinfo2.o)
                0x0200a294                typeinfo name for long double*
 .rodata._ZTSe  0x0200a298        0x4 c:/devkitpro/devkitarm/bin/../lib/gcc/arm-eabi/4.1.1/../../../../arm-eabi/lib/thumb\libstdc++.a(tinfo2.o)
                0x0200a298                typeinfo name for long double
 .rodata._ZTSPKd
                0x0200a29c        0x4 c:/devkitpro/devkitarm/bin/../lib/gcc/arm-eabi/4.1.1/../../../../arm-eabi/lib/thumb\libstdc++.a(tinfo2.o)
                0x0200a29c                typeinfo name for double const*
 .rodata._ZTSPd
                0x0200a2a0        0x4 c:/devkitpro/devkitarm/bin/../lib/gcc/arm-eabi/4.1.1/../../../../arm-eabi/lib/thumb\libstdc++.a(tinfo2.o)
                0x0200a2a0                typeinfo name for double*
 .rodata._ZTSd  0x0200a2a4        0x4 c:/devkitpro/devkitarm/bin/../lib/gcc/arm-eabi/4.1.1/../../../../arm-eabi/lib/thumb\libstdc++.a(tinfo2.o)
                0x0200a2a4                typeinfo name for double
 .rodata._ZTSPKf
                0x0200a2a8        0x4 c:/devkitpro/devkitarm/bin/../lib/gcc/arm-eabi/4.1.1/../../../../arm-eabi/lib/thumb\libstdc++.a(tinfo2.o)
                0x0200a2a8                typeinfo name for float const*
 .rodata._ZTSPf
                0x0200a2ac        0x4 c:/devkitpro/devkitarm/bin/../lib/gcc/arm-eabi/4.1.1/../../../../arm-eabi/lib/thumb\libstdc++.a(tinfo2.o)
                0x0200a2ac                typeinfo name for float*
 .rodata._ZTSf  0x0200a2b0        0x4 c:/devkitpro/devkitarm/bin/../lib/gcc/arm-eabi/4.1.1/../../../../arm-eabi/lib/thumb\libstdc++.a(tinfo2.o)
                0x0200a2b0                typeinfo name for float
 .rodata._ZTSPKy
                0x0200a2b4        0x4 c:/devkitpro/devkitarm/bin/../lib/gcc/arm-eabi/4.1.1/../../../../arm-eabi/lib/thumb\libstdc++.a(tinfo2.o)
                0x0200a2b4                typeinfo name for unsigned long long const*
 .rodata._ZTSPy
                0x0200a2b8        0x4 c:/devkitpro/devkitarm/bin/../lib/gcc/arm-eabi/4.1.1/../../../../arm-eabi/lib/thumb\libstdc++.a(tinfo2.o)
                0x0200a2b8                typeinfo name for unsigned long long*
 .rodata._ZTSy  0x0200a2bc        0x4 c:/devkitpro/devkitarm/bin/../lib/gcc/arm-eabi/4.1.1/../../../../arm-eabi/lib/thumb\libstdc++.a(tinfo2.o)
                0x0200a2bc                typeinfo name for unsigned long long
 .rodata._ZTSPKx
                0x0200a2c0        0x4 c:/devkitpro/devkitarm/bin/../lib/gcc/arm-eabi/4.1.1/../../../../arm-eabi/lib/thumb\libstdc++.a(tinfo2.o)
                0x0200a2c0                typeinfo name for long long const*
 .rodata._ZTSPx
                0x0200a2c4        0x4 c:/devkitpro/devkitarm/bin/../lib/gcc/arm-eabi/4.1.1/../../../../arm-eabi/lib/thumb\libstdc++.a(tinfo2.o)
                0x0200a2c4                typeinfo name for long long*
 .rodata._ZTSx  0x0200a2c8        0x4 c:/devkitpro/devkitarm/bin/../lib/gcc/arm-eabi/4.1.1/../../../../arm-eabi/lib/thumb\libstdc++.a(tinfo2.o)
                0x0200a2c8                typeinfo name for long long
 .rodata._ZTSPKm
                0x0200a2cc        0x4 c:/devkitpro/devkitarm/bin/../lib/gcc/arm-eabi/4.1.1/../../../../arm-eabi/lib/thumb\libstdc++.a(tinfo2.o)
                0x0200a2cc                typeinfo name for unsigned long const*
 .rodata._ZTSPm
                0x0200a2d0        0x4 c:/devkitpro/devkitarm/bin/../lib/gcc/arm-eabi/4.1.1/../../../../arm-eabi/lib/thumb\libstdc++.a(tinfo2.o)
                0x0200a2d0                typeinfo name for unsigned long*
 .rodata._ZTSm  0x0200a2d4        0x4 c:/devkitpro/devkitarm/bin/../lib/gcc/arm-eabi/4.1.1/../../../../arm-eabi/lib/thumb\libstdc++.a(tinfo2.o)
                0x0200a2d4                typeinfo name for unsigned long
 .rodata._ZTSPKl
                0x0200a2d8        0x4 c:/devkitpro/devkitarm/bin/../lib/gcc/arm-eabi/4.1.1/../../../../arm-eabi/lib/thumb\libstdc++.a(tinfo2.o)
                0x0200a2d8                typeinfo name for long const*
 .rodata._ZTSPl
                0x0200a2dc        0x4 c:/devkitpro/devkitarm/bin/../lib/gcc/arm-eabi/4.1.1/../../../../arm-eabi/lib/thumb\libstdc++.a(tinfo2.o)
                0x0200a2dc                typeinfo name for long*
 .rodata._ZTSl  0x0200a2e0        0x4 c:/devkitpro/devkitarm/bin/../lib/gcc/arm-eabi/4.1.1/../../../../arm-eabi/lib/thumb\libstdc++.a(tinfo2.o)
                0x0200a2e0                typeinfo name for long
 .rodata._ZTSPKj
                0x0200a2e4        0x4 c:/devkitpro/devkitarm/bin/../lib/gcc/arm-eabi/4.1.1/../../../../arm-eabi/lib/thumb\libstdc++.a(tinfo2.o)
                0x0200a2e4                typeinfo name for unsigned int const*
 .rodata._ZTSPj
                0x0200a2e8        0x4 c:/devkitpro/devkitarm/bin/../lib/gcc/arm-eabi/4.1.1/../../../../arm-eabi/lib/thumb\libstdc++.a(tinfo2.o)
                0x0200a2e8                typeinfo name for unsigned int*
 .rodata._ZTSj  0x0200a2ec        0x4 c:/devkitpro/devkitarm/bin/../lib/gcc/arm-eabi/4.1.1/../../../../arm-eabi/lib/thumb\libstdc++.a(tinfo2.o)
                0x0200a2ec                typeinfo name for unsigned int
 .rodata._ZTSPKi
                0x0200a2f0        0x4 c:/devkitpro/devkitarm/bin/../lib/gcc/arm-eabi/4.1.1/../../../../arm-eabi/lib/thumb\libstdc++.a(tinfo2.o)
                0x0200a2f0                typeinfo name for int const*
 .rodata._ZTSPi
                0x0200a2f4        0x4 c:/devkitpro/devkitarm/bin/../lib/gcc/arm-eabi/4.1.1/../../../../arm-eabi/lib/thumb\libstdc++.a(tinfo2.o)
                0x0200a2f4                typeinfo name for int*
 .rodata._ZTSi  0x0200a2f8        0x4 c:/devkitpro/devkitarm/bin/../lib/gcc/arm-eabi/4.1.1/../../../../arm-eabi/lib/thumb\libstdc++.a(tinfo2.o)
                0x0200a2f8                typeinfo name for int
 .rodata._ZTSPKt
                0x0200a2fc        0x4 c:/devkitpro/devkitarm/bin/../lib/gcc/arm-eabi/4.1.1/../../../../arm-eabi/lib/thumb\libstdc++.a(tinfo2.o)
                0x0200a2fc                typeinfo name for unsigned short const*
 .rodata._ZTSPt
                0x0200a300        0x4 c:/devkitpro/devkitarm/bin/../lib/gcc/arm-eabi/4.1.1/../../../../arm-eabi/lib/thumb\libstdc++.a(tinfo2.o)
                0x0200a300                typeinfo name for unsigned short*
 .rodata._ZTSt  0x0200a304        0x4 c:/devkitpro/devkitarm/bin/../lib/gcc/arm-eabi/4.1.1/../../../../arm-eabi/lib/thumb\libstdc++.a(tinfo2.o)
                0x0200a304                typeinfo name for unsigned short
 .rodata._ZTSPKs
                0x0200a308        0x4 c:/devkitpro/devkitarm/bin/../lib/gcc/arm-eabi/4.1.1/../../../../arm-eabi/lib/thumb\libstdc++.a(tinfo2.o)
                0x0200a308                typeinfo name for short const*
 .rodata._ZTSPs
                0x0200a30c        0x4 c:/devkitpro/devkitarm/bin/../lib/gcc/arm-eabi/4.1.1/../../../../arm-eabi/lib/thumb\libstdc++.a(tinfo2.o)
                0x0200a30c                typeinfo name for short*
 .rodata._ZTSs  0x0200a310        0x4 c:/devkitpro/devkitarm/bin/../lib/gcc/arm-eabi/4.1.1/../../../../arm-eabi/lib/thumb\libstdc++.a(tinfo2.o)
                0x0200a310                typeinfo name for short
 .rodata._ZTSPKh
                0x0200a314        0x4 c:/devkitpro/devkitarm/bin/../lib/gcc/arm-eabi/4.1.1/../../../../arm-eabi/lib/thumb\libstdc++.a(tinfo2.o)
                0x0200a314                typeinfo name for unsigned char const*
 .rodata._ZTSPh
                0x0200a318        0x4 c:/devkitpro/devkitarm/bin/../lib/gcc/arm-eabi/4.1.1/../../../../arm-eabi/lib/thumb\libstdc++.a(tinfo2.o)
                0x0200a318                typeinfo name for unsigned char*
 .rodata._ZTSh  0x0200a31c        0x4 c:/devkitpro/devkitarm/bin/../lib/gcc/arm-eabi/4.1.1/../../../../arm-eabi/lib/thumb\libstdc++.a(tinfo2.o)
                0x0200a31c                typeinfo name for unsigned char
 .rodata._ZTSPKa
                0x0200a320        0x4 c:/devkitpro/devkitarm/bin/../lib/gcc/arm-eabi/4.1.1/../../../../arm-eabi/lib/thumb\libstdc++.a(tinfo2.o)
                0x0200a320                typeinfo name for signed char const*
 .rodata._ZTSPa
                0x0200a324        0x4 c:/devkitpro/devkitarm/bin/../lib/gcc/arm-eabi/4.1.1/../../../../arm-eabi/lib/thumb\libstdc++.a(tinfo2.o)
                0x0200a324                typeinfo name for signed char*
 .rodata._ZTSa  0x0200a328        0x4 c:/devkitpro/devkitarm/bin/../lib/gcc/arm-eabi/4.1.1/../../../../arm-eabi/lib/thumb\libstdc++.a(tinfo2.o)
                0x0200a328                typeinfo name for signed char
 .rodata._ZTSPKc
                0x0200a32c        0x4 c:/devkitpro/devkitarm/bin/../lib/gcc/arm-eabi/4.1.1/../../../../arm-eabi/lib/thumb\libstdc++.a(tinfo2.o)
                0x0200a32c                typeinfo name for char const*
 .rodata._ZTSPc
                0x0200a330        0x4 c:/devkitpro/devkitarm/bin/../lib/gcc/arm-eabi/4.1.1/../../../../arm-eabi/lib/thumb\libstdc++.a(tinfo2.o)
                0x0200a330                typeinfo name for char*
 .rodata._ZTSc  0x0200a334        0x4 c:/devkitpro/devkitarm/bin/../lib/gcc/arm-eabi/4.1.1/../../../../arm-eabi/lib/thumb\libstdc++.a(tinfo2.o)
                0x0200a334                typeinfo name for char
 .rodata._ZTSPKw
                0x0200a338        0x4 c:/devkitpro/devkitarm/bin/../lib/gcc/arm-eabi/4.1.1/../../../../arm-eabi/lib/thumb\libstdc++.a(tinfo2.o)
                0x0200a338                typeinfo name for wchar_t const*
 .rodata._ZTSPw
                0x0200a33c        0x4 c:/devkitpro/devkitarm/bin/../lib/gcc/arm-eabi/4.1.1/../../../../arm-eabi/lib/thumb\libstdc++.a(tinfo2.o)
                0x0200a33c                typeinfo name for wchar_t*
 .rodata._ZTSw  0x0200a340        0x4 c:/devkitpro/devkitarm/bin/../lib/gcc/arm-eabi/4.1.1/../../../../arm-eabi/lib/thumb\libstdc++.a(tinfo2.o)
                0x0200a340                typeinfo name for wchar_t
 .rodata._ZTSPKb
                0x0200a344        0x4 c:/devkitpro/devkitarm/bin/../lib/gcc/arm-eabi/4.1.1/../../../../arm-eabi/lib/thumb\libstdc++.a(tinfo2.o)
                0x0200a344                typeinfo name for bool const*
 .rodata._ZTSPb
                0x0200a348        0x4 c:/devkitpro/devkitarm/bin/../lib/gcc/arm-eabi/4.1.1/../../../../arm-eabi/lib/thumb\libstdc++.a(tinfo2.o)
                0x0200a348                typeinfo name for bool*
 .rodata._ZTSb  0x0200a34c        0x4 c:/devkitpro/devkitarm/bin/../lib/gcc/arm-eabi/4.1.1/../../../../arm-eabi/lib/thumb\libstdc++.a(tinfo2.o)
                0x0200a34c                typeinfo name for bool
 .rodata._ZTSPKv
                0x0200a350        0x4 c:/devkitpro/devkitarm/bin/../lib/gcc/arm-eabi/4.1.1/../../../../arm-eabi/lib/thumb\libstdc++.a(tinfo2.o)
                0x0200a350                typeinfo name for void const*
 .rodata._ZTSPv
                0x0200a354        0x4 c:/devkitpro/devkitarm/bin/../lib/gcc/arm-eabi/4.1.1/../../../../arm-eabi/lib/thumb\libstdc++.a(tinfo2.o)
                0x0200a354                typeinfo name for void*
 .rodata._ZTSv  0x0200a358        0x4 c:/devkitpro/devkitarm/bin/../lib/gcc/arm-eabi/4.1.1/../../../../arm-eabi/lib/thumb\libstdc++.a(tinfo2.o)
                0x0200a358                typeinfo name for void
 .rodata.str1.4
                0x0200a35c        0x2 c:/devkitpro/devkitarm/bin/../lib/gcc/arm-eabi/4.1.1/../../../../arm-eabi/lib/thumb\libg.a(lib_a-impure.o)
                                  0x4 (size before relaxing)
 *fill*         0x0200a35e        0x2 ff
 .rodata.str1.4
                0x0200a360        0x8 c:/devkitpro/devkitarm/bin/../lib/gcc/arm-eabi/4.1.1/../../../../arm-eabi/lib/thumb\libsysbase.a(iosupport.o)
 *(.gnu.linkonce.r*)
                0x0200a368                . = ALIGN (0x4)

.ARM.extab      0x0200a368      0x190
 *(.ARM.extab* .gnu.linkonce.armextab.*)
 .ARM.extab     0x0200a368        0x0 c:/devkitpro/devkitarm/bin/../lib/gcc/arm-eabi/4.1.1/../../../../arm-eabi/lib/thumb\libstdc++.a(del_op.o)
 .ARM.extab     0x0200a368       0x34 c:/devkitpro/devkitarm/bin/../lib/gcc/arm-eabi/4.1.1/../../../../arm-eabi/lib/thumb\libstdc++.a(eh_personality.o)
 .ARM.extab     0x0200a39c       0x20 c:/devkitpro/devkitarm/bin/../lib/gcc/arm-eabi/4.1.1/../../../../arm-eabi/lib/thumb\libstdc++.a(eh_terminate.o)
 .ARM.extab     0x0200a3bc       0x20 c:/devkitpro/devkitarm/bin/../lib/gcc/arm-eabi/4.1.1/../../../../arm-eabi/lib/thumb\libstdc++.a(new_op.o)
 .ARM.extab     0x0200a3dc       0x34 c:/devkitpro/devkitarm/bin/../lib/gcc/arm-eabi/4.1.1/../../../../arm-eabi/lib/thumb\libstdc++.a(vterminate.o)
 .ARM.extab     0x0200a410       0x1c c:/devkitpro/devkitarm/bin/../lib/gcc/arm-eabi/4.1.1/../../../../arm-eabi/lib/thumb\libstdc++.a(eh_alloc.o)
 .ARM.extab     0x0200a42c        0x0 c:/devkitpro/devkitarm/bin/../lib/gcc/arm-eabi/4.1.1/../../../../arm-eabi/lib/thumb\libstdc++.a(eh_arm.o)
 .ARM.extab     0x0200a42c        0x0 c:/devkitpro/devkitarm/bin/../lib/gcc/arm-eabi/4.1.1/../../../../arm-eabi/lib/thumb\libstdc++.a(eh_aux_runtime.o)